2026-08-03 10:45:25 ======================================================================
2026-08-03 10:45:25 training_loop_mp launched | N=2 board=9x9 | sims=600 games/iter=40 | self_play=parallel workers=8 vec_games=0
2026-08-03 10:45:25 checkpoint_dir=runs/probe_n2_ramp | eval=40+20+40 greedy | accept_margin=0.08 | buffer=50000
2026-08-03 10:45:25 train_steps=300 max_moves=160 explore_moves=20 warmup=1000 discount=0.99/round leaf_batch=1 vloss=1.0
2026-08-03 10:45:25 resources: 16 usable cpus (cgroup quota), 128 GB limit (host 1623 GB), gpu: NVIDIA RTX PRO 6000 Blackwell Server Edition, 22 GB, rss=0.80 GB at launch
2026-08-03 10:45:25 ======================================================================
2026-08-03 10:45:25 Config frozen -> runs/probe_n2_ramp/config.json
2026-08-03 10:45:25 Champion initialised from the starting model -> runs/probe_n2_ramp/best.pt
2026-08-03 10:45:25 Starting N=2 training: 24 iterations, 40 games/iter, 600 sims
2026-08-03 10:45:25 [iter 1/24] self-play starting (40 games, 600 sims, WALLS MASKED)...
2026-08-03 10:45:25 [PARALLEL-MP] 8 workers spawned (40 games, sims=600), GPU batcher starting...
2026-08-03 10:46:45   [GPU] 50,005 evals (6253 batches, avg 8/batch = 6% of 128, 627 evals/s, 627 msg/s, 1.0 leaves/msg, 80s)
2026-08-03 10:48:03   [GPU] 100,004 evals (12505 batches, avg 8/batch = 6% of 128, 635 evals/s, 635 msg/s, 1.0 leaves/msg, 158s)
2026-08-03 10:49:20   [GPU] 150,005 evals (18766 batches, avg 8/batch = 6% of 128, 640 evals/s, 640 msg/s, 1.0 leaves/msg, 235s)
2026-08-03 10:50:37   [GPU] 200,003 evals (25020 batches, avg 8/batch = 6% of 128, 641 evals/s, 641 msg/s, 1.0 leaves/msg, 312s)
2026-08-03 10:51:50 [iter 1/24] self-play: 5/40 games...
2026-08-03 10:51:55   [GPU] 250,002 evals (31271 batches, avg 8/batch = 6% of 128, 640 evals/s, 640 msg/s, 1.0 leaves/msg, 390s)
2026-08-03 10:53:13   [GPU] 300,007 evals (37532 batches, avg 8/batch = 6% of 128, 641 evals/s, 641 msg/s, 1.0 leaves/msg, 468s)
2026-08-03 10:54:31   [GPU] 350,001 evals (43785 batches, avg 8/batch = 6% of 128, 641 evals/s, 641 msg/s, 1.0 leaves/msg, 546s)
2026-08-03 10:55:49   [GPU] 400,002 evals (50038 batches, avg 8/batch = 6% of 128, 641 evals/s, 641 msg/s, 1.0 leaves/msg, 624s)
2026-08-03 10:57:07   [GPU] 450,006 evals (56296 batches, avg 8/batch = 6% of 128, 641 evals/s, 641 msg/s, 1.0 leaves/msg, 702s)
2026-08-03 10:58:25   [GPU] 500,007 evals (62552 batches, avg 8/batch = 6% of 128, 641 evals/s, 641 msg/s, 1.0 leaves/msg, 780s)
2026-08-03 10:59:10 [iter 1/24] self-play: 10/40 games...
2026-08-03 10:59:43   [GPU] 550,000 evals (68802 batches, avg 8/batch = 6% of 128, 641 evals/s, 641 msg/s, 1.0 leaves/msg, 857s)
2026-08-03 11:01:01   [GPU] 600,006 evals (75061 batches, avg 8/batch = 6% of 128, 641 evals/s, 641 msg/s, 1.0 leaves/msg, 936s)
2026-08-03 11:02:17   [GPU] 650,004 evals (81322 batches, avg 8/batch = 6% of 128, 642 evals/s, 642 msg/s, 1.0 leaves/msg, 1012s)
2026-08-03 11:03:29   [GPU] 700,000 evals (87576 batches, avg 8/batch = 6% of 128, 646 evals/s, 646 msg/s, 1.0 leaves/msg, 1084s)
2026-08-03 11:03:39 [iter 1/24] self-play: 15/40 games...
2026-08-03 11:04:41   [GPU] 750,005 evals (93836 batches, avg 8/batch = 6% of 128, 649 evals/s, 649 msg/s, 1.0 leaves/msg, 1155s)
2026-08-03 11:05:53   [GPU] 800,006 evals (100097 batches, avg 8/batch = 6% of 128, 652 evals/s, 652 msg/s, 1.0 leaves/msg, 1228s)
2026-08-03 11:07:05   [GPU] 850,005 evals (106348 batches, avg 8/batch = 6% of 128, 654 evals/s, 654 msg/s, 1.0 leaves/msg, 1300s)
2026-08-03 11:08:16   [GPU] 900,004 evals (112602 batches, avg 8/batch = 6% of 128, 656 evals/s, 656 msg/s, 1.0 leaves/msg, 1371s)
2026-08-03 11:08:34 [iter 1/24] self-play: 20/40 games...
2026-08-03 11:09:28   [GPU] 950,002 evals (118862 batches, avg 8/batch = 6% of 128, 659 evals/s, 659 msg/s, 1.0 leaves/msg, 1443s)
2026-08-03 11:10:39   [GPU] 1,000,007 evals (125115 batches, avg 8/batch = 6% of 128, 660 evals/s, 660 msg/s, 1.0 leaves/msg, 1514s)
2026-08-03 11:11:51   [GPU] 1,050,004 evals (131372 batches, avg 8/batch = 6% of 128, 662 evals/s, 662 msg/s, 1.0 leaves/msg, 1586s)
2026-08-03 11:13:02   [GPU] 1,100,002 evals (137631 batches, avg 8/batch = 6% of 128, 664 evals/s, 664 msg/s, 1.0 leaves/msg, 1657s)
2026-08-03 11:14:13   [GPU] 1,150,003 evals (143882 batches, avg 8/batch = 6% of 128, 666 evals/s, 666 msg/s, 1.0 leaves/msg, 1728s)
2026-08-03 11:15:06 [iter 1/24] self-play: 25/40 games...
2026-08-03 11:15:24   [GPU] 1,200,002 evals (150136 batches, avg 8/batch = 6% of 128, 667 evals/s, 667 msg/s, 1.0 leaves/msg, 1799s)
2026-08-03 11:16:35   [GPU] 1,250,007 evals (156398 batches, avg 8/batch = 6% of 128, 668 evals/s, 668 msg/s, 1.0 leaves/msg, 1870s)
2026-08-03 11:17:45   [GPU] 1,300,007 evals (162649 batches, avg 8/batch = 6% of 128, 670 evals/s, 670 msg/s, 1.0 leaves/msg, 1940s)
2026-08-03 11:18:55   [GPU] 1,350,000 evals (168900 batches, avg 8/batch = 6% of 128, 672 evals/s, 672 msg/s, 1.0 leaves/msg, 2010s)
2026-08-03 11:19:20 [iter 1/24] self-play: 30/40 games...
2026-08-03 11:20:05   [GPU] 1,400,002 evals (175160 batches, avg 8/batch = 6% of 128, 673 evals/s, 673 msg/s, 1.0 leaves/msg, 2080s)
2026-08-03 11:21:16   [GPU] 1,450,000 evals (181412 batches, avg 8/batch = 6% of 128, 674 evals/s, 674 msg/s, 1.0 leaves/msg, 2151s)
2026-08-03 11:22:32   [GPU] 1,500,006 evals (188025 batches, avg 8/batch = 6% of 128, 674 evals/s, 674 msg/s, 1.0 leaves/msg, 2227s)
2026-08-03 11:23:18 [iter 1/24] self-play: 35/40 games...
2026-08-03 11:24:10   [GPU] 1,550,004 evals (196873 batches, avg 8/batch = 6% of 128, 667 evals/s, 667 msg/s, 1.0 leaves/msg, 2325s)
2026-08-03 11:25:59   [GPU] 1,600,001 evals (206874 batches, avg 8/batch = 6% of 128, 657 evals/s, 657 msg/s, 1.0 leaves/msg, 2434s)
2026-08-03 11:28:11   [GPU] 1,650,002 evals (219210 batches, avg 8/batch = 6% of 128, 643 evals/s, 643 msg/s, 1.0 leaves/msg, 2566s)
2026-08-03 11:31:00   [GPU] 1,700,002 evals (235193 batches, avg 7/batch = 6% of 128, 622 evals/s, 622 msg/s, 1.0 leaves/msg, 2734s)
2026-08-03 11:32:16 [iter 1/24] self-play: 40/40 games...
2026-08-03 11:32:16 [iter 1/24] self-play done: 40 games (2811s) | wins: P0=15, P1=23, draw=2 | draw_rate=5% avg_len~67
2026-08-03 11:32:16 [iter 1/24] training (300 steps, lr=1.00e-03)...
2026-08-03 11:32:20 [iter 1/24] training done: loss_p=1.431 loss_v=0.577 (4s)
2026-08-03 11:32:21 [iter 1/24] eval skipped (eval_every=4)
2026-08-03 11:32:21 >>> iter 1 | loss_p=1.431 loss_v=0.577 | vs_best=n/a (not evaluated) | vs_rand=n/a | draw=5% | buf=5366 | rss=2.08GB | sp=2811s train=4s eval_best=0s eval_rand=0s | total=2815s
2026-08-03 11:32:21 [iter 2/24] self-play starting (40 games, 600 sims, WALLS MASKED)...
2026-08-03 11:32:21 [PARALLEL-MP] 8 workers spawned (40 games, sims=600), GPU batcher starting...
2026-08-03 11:33:35   [GPU] 50,002 evals (6254 batches, avg 8/batch = 6% of 128, 675 evals/s, 675 msg/s, 1.0 leaves/msg, 74s)
2026-08-03 11:33:58 [iter 2/24] self-play: 5/40 games...
2026-08-03 11:34:46   [GPU] 100,000 evals (12508 batches, avg 8/batch = 6% of 128, 686 evals/s, 686 msg/s, 1.0 leaves/msg, 146s)
2026-08-03 11:35:11 [iter 2/24] self-play: 10/40 games...
2026-08-03 11:35:56 [iter 2/24] self-play: 15/40 games...
2026-08-03 11:35:58   [GPU] 150,000 evals (18777 batches, avg 8/batch = 6% of 128, 689 evals/s, 689 msg/s, 1.0 leaves/msg, 218s)
2026-08-03 11:36:45 [iter 2/24] self-play: 20/40 games...
2026-08-03 11:37:11   [GPU] 200,000 evals (25034 batches, avg 8/batch = 6% of 128, 689 evals/s, 689 msg/s, 1.0 leaves/msg, 290s)
2026-08-03 11:38:08 [iter 2/24] self-play: 25/40 games...
2026-08-03 11:38:23   [GPU] 250,007 evals (31287 batches, avg 8/batch = 6% of 128, 690 evals/s, 690 msg/s, 1.0 leaves/msg, 362s)
2026-08-03 11:39:12 [iter 2/24] self-play: 30/40 games...
2026-08-03 11:39:35   [GPU] 300,006 evals (37554 batches, avg 8/batch = 6% of 128, 691 evals/s, 691 msg/s, 1.0 leaves/msg, 434s)
2026-08-03 11:40:02 [iter 2/24] self-play: 35/40 games...
2026-08-03 11:41:02 [iter 2/24] self-play: 40/40 games...
2026-08-03 11:41:03 [iter 2/24] self-play done: 40 games (522s) | wins: P0=3, P1=37 | draw_rate=0% avg_len~22
2026-08-03 11:41:03 [iter 2/24] training (300 steps, lr=1.00e-03)...
2026-08-03 11:41:06 [iter 2/24] training done: loss_p=1.210 loss_v=0.444 (3s)
2026-08-03 11:41:06 [iter 2/24] eval skipped (eval_every=4)
2026-08-03 11:41:06 >>> iter 2 | loss_p=1.210 loss_v=0.444 | vs_best=n/a (not evaluated) | vs_rand=n/a | draw=0% | buf=7108 | rss=2.10GB | sp=522s train=3s eval_best=0s eval_rand=0s | total=526s
2026-08-03 11:41:06 [iter 3/24] self-play starting (40 games, 600 sims, WALLS MASKED)...
2026-08-03 11:41:06 [PARALLEL-MP] 8 workers spawned (40 games, sims=600), GPU batcher starting...
2026-08-03 11:42:20   [GPU] 50,002 evals (6259 batches, avg 8/batch = 6% of 128, 679 evals/s, 679 msg/s, 1.0 leaves/msg, 74s)
2026-08-03 11:43:17 [iter 3/24] self-play: 5/40 games...
2026-08-03 11:43:30   [GPU] 100,002 evals (12513 batches, avg 8/batch = 6% of 128, 693 evals/s, 693 msg/s, 1.0 leaves/msg, 144s)
2026-08-03 11:43:39 [iter 3/24] self-play: 10/40 games...
2026-08-03 11:44:41   [GPU] 150,004 evals (18776 batches, avg 8/batch = 6% of 128, 697 evals/s, 697 msg/s, 1.0 leaves/msg, 215s)
2026-08-03 11:45:16 [iter 3/24] self-play: 15/40 games...
2026-08-03 11:45:52   [GPU] 200,006 evals (25030 batches, avg 8/batch = 6% of 128, 699 evals/s, 699 msg/s, 1.0 leaves/msg, 286s)
2026-08-03 11:46:06 [iter 3/24] self-play: 20/40 games...
2026-08-03 11:47:01 [iter 3/24] self-play: 25/40 games...
2026-08-03 11:47:03   [GPU] 250,000 evals (31282 batches, avg 8/batch = 6% of 128, 701 evals/s, 701 msg/s, 1.0 leaves/msg, 357s)
2026-08-03 11:48:05 [iter 3/24] self-play: 30/40 games...
2026-08-03 11:48:14   [GPU] 300,001 evals (37544 batches, avg 8/batch = 6% of 128, 702 evals/s, 702 msg/s, 1.0 leaves/msg, 428s)
2026-08-03 11:48:39 [iter 3/24] self-play: 35/40 games...
2026-08-03 11:49:47 [iter 3/24] self-play: 40/40 games...
2026-08-03 11:49:48 [iter 3/24] self-play done: 40 games (521s) | wins: P0=10, P1=30 | draw_rate=0% avg_len~21
2026-08-03 11:49:48 [iter 3/24] training (300 steps, lr=1.00e-03)...
2026-08-03 11:49:51 [iter 3/24] training done: loss_p=1.154 loss_v=0.379 (3s)
2026-08-03 11:49:51 [iter 3/24] eval skipped (eval_every=4)
2026-08-03 11:49:51 >>> iter 3 | loss_p=1.154 loss_v=0.379 | vs_best=n/a (not evaluated) | vs_rand=n/a | draw=0% | buf=8780 | rss=2.09GB | sp=521s train=3s eval_best=0s eval_rand=0s | total=525s
2026-08-03 11:49:51 [iter 4/24] self-play starting (40 games, 600 sims, WALLS MASKED)...
2026-08-03 11:49:51 [PARALLEL-MP] 8 workers spawned (40 games, sims=600), GPU batcher starting...
2026-08-03 11:51:03   [GPU] 50,007 evals (6259 batches, avg 8/batch = 6% of 128, 690 evals/s, 690 msg/s, 1.0 leaves/msg, 73s)
2026-08-03 11:51:12 [iter 4/24] self-play: 5/40 games...
2026-08-03 11:51:49 [iter 4/24] self-play: 10/40 games...
2026-08-03 11:52:13   [GPU] 100,007 evals (12515 batches, avg 8/batch = 6% of 128, 703 evals/s, 703 msg/s, 1.0 leaves/msg, 142s)
2026-08-03 11:52:22 [iter 4/24] self-play: 15/40 games...
2026-08-03 11:53:08 [iter 4/24] self-play: 20/40 games...
2026-08-03 11:53:23   [GPU] 150,000 evals (18779 batches, avg 8/batch = 6% of 128, 708 evals/s, 708 msg/s, 1.0 leaves/msg, 212s)
2026-08-03 11:53:55 [iter 4/24] self-play: 25/40 games...
2026-08-03 11:54:34   [GPU] 200,005 evals (25032 batches, avg 8/batch = 6% of 128, 707 evals/s, 707 msg/s, 1.0 leaves/msg, 283s)
2026-08-03 11:54:39 [iter 4/24] self-play: 30/40 games...
2026-08-03 11:54:57 [iter 4/24] self-play: 35/40 games...
2026-08-03 11:56:17 [iter 4/24] self-play: 40/40 games...
2026-08-03 11:56:18 [iter 4/24] self-play done: 40 games (387s) | wins: P0=6, P1=34 | draw_rate=0% avg_len~19
2026-08-03 11:56:18 [iter 4/24] training (300 steps, lr=1.00e-03)...
2026-08-03 11:56:21 [iter 4/24] training done: loss_p=1.111 loss_v=0.334 (4s)
2026-08-03 11:56:21 [iter 4/24] eval vs best (40 games, 100 sims)...
2026-08-03 11:56:21 [EVAL-MP] 8 workers spawned (40 vs_best games, sims=100), GPU batcher starting...
2026-08-03 11:56:55 [iter 4/24] eval vs best: 5/40 games (34s, cand 100%)
2026-08-03 11:57:07 [iter 4/24] eval vs best: 10/40 games (45s, cand 100%)
2026-08-03 11:57:21 [iter 4/24] eval vs best: 15/40 games (60s, cand 100%)
2026-08-03 11:57:32 [iter 4/24] eval vs best: 20/40 games (71s, cand 100%)
2026-08-03 11:57:50 [iter 4/24] eval vs best: 25/40 games (88s, cand 100%)
2026-08-03 11:57:56   [GPU] 50,006 evals (6367 batches, avg 8/batch = 6% of 128, 531 evals/s, 531 msg/s, 1.0 leaves/msg, 94s)
2026-08-03 11:58:03 [iter 4/24] eval vs best: 30/40 games (101s, cand 100%)
2026-08-03 11:58:18 [iter 4/24] eval vs best: 35/40 games (116s, cand 100%)
2026-08-03 12:01:41 [iter 4/24] eval vs best: 40/40 games (319s, cand 100%)
2026-08-03 12:01:41 [iter 4/24] eval vs best done: 100.0% of 38 decided ACCEPT (320s)
2026-08-03 12:01:41 [iter 4/24] eval vs random (20 games, 100 sims)...
2026-08-03 12:01:41 [EVAL-MP] 8 workers spawned (20 vs_random games, sims=100), GPU batcher starting...
2026-08-03 12:01:56 [iter 4/24] eval vs random: 5/20 games (15s, cand 100%)
2026-08-03 12:02:05 [iter 4/24] eval vs random: 10/20 games (23s, cand 100%)
2026-08-03 12:02:12 [iter 4/24] eval vs random: 15/20 games (31s, cand 100%)
2026-08-03 12:02:26 [iter 4/24] eval vs random: 20/20 games (45s, cand 100%)
2026-08-03 12:02:27 [iter 4/24] eval vs random done: 100.0% (45s)
2026-08-03 12:02:27 [iter 4/24] eval vs greedy (40 games, 100 sims)...
2026-08-03 12:02:27 [EVAL-MP] 8 workers spawned (40 vs_greedy games, sims=100), GPU batcher starting...
2026-08-03 12:02:38 [iter 4/24] eval vs greedy: 5/40 games (11s, cand 80%)
2026-08-03 12:02:43 [iter 4/24] eval vs greedy: 10/40 games (16s, cand 60%)
2026-08-03 12:02:47 [iter 4/24] eval vs greedy: 15/40 games (20s, cand 47%)
2026-08-03 12:02:51 [iter 4/24] eval vs greedy: 20/40 games (25s, cand 55%)
2026-08-03 12:02:57 [iter 4/24] eval vs greedy: 25/40 games (31s, cand 48%)
2026-08-03 12:03:05 [iter 4/24] eval vs greedy: 30/40 games (38s, cand 47%)
2026-08-03 12:03:06 [iter 4/24] eval vs greedy: 35/40 games (39s, cand 51%)
2026-08-03 12:03:15 [iter 4/24] eval vs greedy: 40/40 games (48s, cand 45%)
2026-08-03 12:03:16 [iter 4/24] eval vs greedy done: 45.0% of 40 decided [seat0:0/20 seat1:18/20] (49s)
2026-08-03 12:03:16 >>> iter 4 | loss_p=1.111 loss_v=0.334 | vs_best=100.0% ACCEPT | vs_rand=100.0% | draw=0% | buf=10276 | rss=2.13GB | sp=387s train=4s eval_best=320s eval_rand=45s | total=805s
2026-08-03 12:03:16 [iter 5/24] self-play starting (40 games, 600 sims, WALLS MASKED)...
2026-08-03 12:03:16 [PARALLEL-MP] 8 workers spawned (40 games, sims=600), GPU batcher starting...
2026-08-03 12:04:30   [GPU] 50,005 evals (6259 batches, avg 8/batch = 6% of 128, 672 evals/s, 672 msg/s, 1.0 leaves/msg, 74s)
2026-08-03 12:04:48 [iter 5/24] self-play: 5/40 games...
2026-08-03 12:05:37 [iter 5/24] self-play: 10/40 games...
2026-08-03 12:05:43   [GPU] 100,001 evals (12515 batches, avg 8/batch = 6% of 128, 682 evals/s, 682 msg/s, 1.0 leaves/msg, 147s)
2026-08-03 12:06:36 [iter 5/24] self-play: 15/40 games...
2026-08-03 12:06:54   [GPU] 150,006 evals (18781 batches, avg 8/batch = 6% of 128, 686 evals/s, 686 msg/s, 1.0 leaves/msg, 219s)
2026-08-03 12:07:00 [iter 5/24] self-play: 20/40 games...
2026-08-03 12:08:07   [GPU] 200,004 evals (25034 batches, avg 8/batch = 6% of 128, 687 evals/s, 687 msg/s, 1.0 leaves/msg, 291s)
2026-08-03 12:08:27 [iter 5/24] self-play: 25/40 games...
2026-08-03 12:09:13 [iter 5/24] self-play: 30/40 games...
2026-08-03 12:09:19   [GPU] 250,001 evals (31286 batches, avg 8/batch = 6% of 128, 688 evals/s, 688 msg/s, 1.0 leaves/msg, 364s)
2026-08-03 12:10:01 [iter 5/24] self-play: 35/40 games...
2026-08-03 12:10:29 [iter 5/24] self-play: 40/40 games...
2026-08-03 12:10:29 [iter 5/24] self-play done: 40 games (433s) | wins: P0=2, P1=38 | draw_rate=0% avg_len~20
2026-08-03 12:10:29 [iter 5/24] training (300 steps, lr=1.00e-03)...
2026-08-03 12:10:32 [iter 5/24] training done: loss_p=1.077 loss_v=0.298 (3s)
2026-08-03 12:10:32 [iter 5/24] eval skipped (eval_every=4)
2026-08-03 12:10:32 >>> iter 5 | loss_p=1.077 loss_v=0.298 | vs_best=n/a (not evaluated) | vs_rand=n/a | draw=0% | buf=11852 | rss=2.14GB | sp=433s train=3s eval_best=0s eval_rand=0s | total=437s
2026-08-03 12:10:32 [iter 6/24] self-play starting (40 games, 600 sims, WALLS MASKED)...
2026-08-03 12:10:32 [PARALLEL-MP] 8 workers spawned (40 games, sims=600), GPU batcher starting...
2026-08-03 12:11:47   [GPU] 50,000 evals (6260 batches, avg 8/batch = 6% of 128, 671 evals/s, 671 msg/s, 1.0 leaves/msg, 75s)
2026-08-03 12:12:11 [iter 6/24] self-play: 5/40 games...
2026-08-03 12:12:59   [GPU] 100,002 evals (12517 batches, avg 8/batch = 6% of 128, 683 evals/s, 683 msg/s, 1.0 leaves/msg, 146s)
2026-08-03 12:13:05 [iter 6/24] self-play: 10/40 games...
2026-08-03 12:13:47 [iter 6/24] self-play: 15/40 games...
2026-08-03 12:14:12   [GPU] 150,005 evals (18782 batches, avg 8/batch = 6% of 128, 684 evals/s, 684 msg/s, 1.0 leaves/msg, 219s)
2026-08-03 12:14:47 [iter 6/24] self-play: 20/40 games...
2026-08-03 12:15:25   [GPU] 200,001 evals (25039 batches, avg 8/batch = 6% of 128, 685 evals/s, 685 msg/s, 1.0 leaves/msg, 292s)
2026-08-03 12:15:34 [iter 6/24] self-play: 25/40 games...
2026-08-03 12:16:15 [iter 6/24] self-play: 30/40 games...
2026-08-03 12:16:37   [GPU] 250,007 evals (31294 batches, avg 8/batch = 6% of 128, 686 evals/s, 686 msg/s, 1.0 leaves/msg, 365s)
2026-08-03 12:17:07 [iter 6/24] self-play: 35/40 games...
2026-08-03 12:17:52 [iter 6/24] self-play: 40/40 games...
2026-08-03 12:17:52 [iter 6/24] self-play done: 40 games (439s) | wins: P0=1, P1=39 | draw_rate=0% avg_len~20
2026-08-03 12:17:52 [iter 6/24] training (300 steps, lr=1.00e-03)...
2026-08-03 12:17:55 [iter 6/24] training done: loss_p=1.062 loss_v=0.265 (3s)
2026-08-03 12:17:55 [iter 6/24] eval skipped (eval_every=4)
2026-08-03 12:17:55 >>> iter 6 | loss_p=1.062 loss_v=0.265 | vs_best=n/a (not evaluated) | vs_rand=n/a | draw=0% | buf=13470 | rss=2.15GB | sp=439s train=3s eval_best=0s eval_rand=0s | total=443s
2026-08-03 12:17:55 [iter 7/24] self-play starting (40 games, 600 sims, WALLS MASKED)...
2026-08-03 12:17:55 [PARALLEL-MP] 8 workers spawned (40 games, sims=600), GPU batcher starting...
2026-08-03 12:19:09   [GPU] 50,006 evals (6259 batches, avg 8/batch = 6% of 128, 676 evals/s, 676 msg/s, 1.0 leaves/msg, 74s)
2026-08-03 12:19:42 [iter 7/24] self-play: 5/40 games...
2026-08-03 12:20:22   [GPU] 100,001 evals (12515 batches, avg 8/batch = 6% of 128, 680 evals/s, 680 msg/s, 1.0 leaves/msg, 147s)
2026-08-03 12:20:42 [iter 7/24] self-play: 10/40 games...
2026-08-03 12:21:35   [GPU] 150,004 evals (18780 batches, avg 8/batch = 6% of 128, 684 evals/s, 684 msg/s, 1.0 leaves/msg, 219s)
2026-08-03 12:22:00 [iter 7/24] self-play: 15/40 games...
2026-08-03 12:22:47   [GPU] 200,000 evals (25035 batches, avg 8/batch = 6% of 128, 685 evals/s, 685 msg/s, 1.0 leaves/msg, 292s)
2026-08-03 12:23:15 [iter 7/24] self-play: 20/40 games...
2026-08-03 12:23:56 [iter 7/24] self-play: 25/40 games...
2026-08-03 12:24:00   [GPU] 250,001 evals (31289 batches, avg 8/batch = 6% of 128, 686 evals/s, 686 msg/s, 1.0 leaves/msg, 364s)
2026-08-03 12:25:12   [GPU] 300,002 evals (37559 batches, avg 8/batch = 6% of 128, 686 evals/s, 686 msg/s, 1.0 leaves/msg, 437s)
2026-08-03 12:25:15 [iter 7/24] self-play: 30/40 games...
2026-08-03 12:26:06 [iter 7/24] self-play: 35/40 games...
2026-08-03 12:27:10 [iter 7/24] self-play: 40/40 games...
2026-08-03 12:27:11 [iter 7/24] self-play done: 40 games (556s) | wins: P0=1, P1=39 | draw_rate=0% avg_len~22
2026-08-03 12:27:11 [iter 7/24] training (300 steps, lr=1.00e-03)...
2026-08-03 12:27:14 [iter 7/24] training done: loss_p=1.049 loss_v=0.237 (3s)
2026-08-03 12:27:14 [iter 7/24] eval skipped (eval_every=4)
2026-08-03 12:27:14 >>> iter 7 | loss_p=1.049 loss_v=0.237 | vs_best=n/a (not evaluated) | vs_rand=n/a | draw=0% | buf=15196 | rss=2.16GB | sp=556s train=3s eval_best=0s eval_rand=0s | total=559s
2026-08-03 12:27:14 [iter 8/24] self-play starting (40 games, 600 sims, WALLS MASKED)...
2026-08-03 12:27:14 [PARALLEL-MP] 8 workers spawned (40 games, sims=600), GPU batcher starting...
2026-08-03 12:28:28   [GPU] 50,005 evals (6258 batches, avg 8/batch = 6% of 128, 675 evals/s, 675 msg/s, 1.0 leaves/msg, 74s)
2026-08-03 12:28:47 [iter 8/24] self-play: 5/40 games...
2026-08-03 12:29:41   [GPU] 100,002 evals (12511 batches, avg 8/batch = 6% of 128, 682 evals/s, 682 msg/s, 1.0 leaves/msg, 147s)
2026-08-03 12:29:54 [iter 8/24] self-play: 10/40 games...
2026-08-03 12:30:45 [iter 8/24] self-play: 15/40 games...
2026-08-03 12:30:54   [GPU] 150,003 evals (18777 batches, avg 8/batch = 6% of 128, 684 evals/s, 684 msg/s, 1.0 leaves/msg, 219s)
2026-08-03 12:31:35 [iter 8/24] self-play: 20/40 games...
2026-08-03 12:32:06   [GPU] 200,004 evals (25035 batches, avg 8/batch = 6% of 128, 686 evals/s, 686 msg/s, 1.0 leaves/msg, 292s)
2026-08-03 12:32:19 [iter 8/24] self-play: 25/40 games...
2026-08-03 12:33:11 [iter 8/24] self-play: 30/40 games...
2026-08-03 12:33:18   [GPU] 250,004 evals (31288 batches, avg 8/batch = 6% of 128, 687 evals/s, 687 msg/s, 1.0 leaves/msg, 364s)
2026-08-03 12:34:26 [iter 8/24] self-play: 35/40 games...
2026-08-03 12:34:39   [GPU] 300,002 evals (38365 batches, avg 8/batch = 6% of 128, 674 evals/s, 674 msg/s, 1.0 leaves/msg, 445s)
2026-08-03 12:35:28 [iter 8/24] self-play: 40/40 games...
2026-08-03 12:35:28 [iter 8/24] self-play done: 40 games (494s) | wins: P0=1, P1=39 | draw_rate=0% avg_len~21
2026-08-03 12:35:28 [iter 8/24] training (300 steps, lr=1.00e-03)...
2026-08-03 12:35:31 [iter 8/24] training done: loss_p=1.035 loss_v=0.223 (3s)
2026-08-03 12:35:32 [iter 8/24] eval vs best (40 games, 100 sims)...
2026-08-03 12:35:32 [EVAL-MP] 8 workers spawned (40 vs_best games, sims=100), GPU batcher starting...
2026-08-03 12:36:00 [iter 8/24] eval vs best: 5/40 games (28s, cand 40%)
2026-08-03 12:36:17 [iter 8/24] eval vs best: 10/40 games (45s, cand 50%)
2026-08-03 12:36:30 [iter 8/24] eval vs best: 15/40 games (58s, cand 33%)
2026-08-03 12:36:48 [iter 8/24] eval vs best: 20/40 games (77s, cand 35%)
2026-08-03 12:36:57 [iter 8/24] eval vs best: 25/40 games (85s, cand 40%)
2026-08-03 12:37:09   [GPU] 50,007 evals (6373 batches, avg 8/batch = 6% of 128, 516 evals/s, 516 msg/s, 1.0 leaves/msg, 97s)
2026-08-03 12:37:14 [iter 8/24] eval vs best: 30/40 games (102s, cand 40%)
2026-08-03 12:37:35 [iter 8/24] eval vs best: 35/40 games (124s, cand 43%)
2026-08-03 12:40:53 [iter 8/24] eval vs best: 40/40 games (322s, cand 42%)
2026-08-03 12:40:54 [iter 8/24] eval vs best done: 42.1% of 38 decided reject (322s)
2026-08-03 12:40:54 [iter 8/24] eval vs random (20 games, 100 sims)...
2026-08-03 12:40:54 [EVAL-MP] 8 workers spawned (20 vs_random games, sims=100), GPU batcher starting...
2026-08-03 12:41:08 [iter 8/24] eval vs random: 5/20 games (14s, cand 100%)
2026-08-03 12:41:18 [iter 8/24] eval vs random: 10/20 games (24s, cand 100%)
2026-08-03 12:41:25 [iter 8/24] eval vs random: 15/20 games (31s, cand 100%)
2026-08-03 12:41:48 [iter 8/24] eval vs random: 20/20 games (54s, cand 100%)
2026-08-03 12:41:48 [iter 8/24] eval vs random done: 100.0% (55s)
2026-08-03 12:41:48 [iter 8/24] eval vs greedy (40 games, 100 sims)...
2026-08-03 12:41:48 [EVAL-MP] 8 workers spawned (40 vs_greedy games, sims=100), GPU batcher starting...
2026-08-03 12:42:00 [iter 8/24] eval vs greedy: 5/40 games (12s, cand 60%)
2026-08-03 12:42:05 [iter 8/24] eval vs greedy: 10/40 games (17s, cand 50%)
2026-08-03 12:42:10 [iter 8/24] eval vs greedy: 15/40 games (22s, cand 47%)
2026-08-03 12:42:14 [iter 8/24] eval vs greedy: 20/40 games (25s, cand 55%)
2026-08-03 12:42:20 [iter 8/24] eval vs greedy: 25/40 games (31s, cand 52%)
2026-08-03 12:42:27 [iter 8/24] eval vs greedy: 30/40 games (39s, cand 57%)
2026-08-03 12:42:30 [iter 8/24] eval vs greedy: 35/40 games (42s, cand 51%)
2026-08-03 12:42:43 [iter 8/24] eval vs greedy: 40/40 games (54s, cand 45%)
2026-08-03 12:42:43 [iter 8/24] eval vs greedy done: 45.0% of 40 decided [seat0:0/20 seat1:18/20] (55s)
2026-08-03 12:42:43 >>> iter 8 | loss_p=1.035 loss_v=0.223 | vs_best=42.1% reject | vs_rand=100.0% | draw=0% | buf=16874 | rss=2.17GB | sp=494s train=3s eval_best=322s eval_rand=55s | total=929s
2026-08-03 12:42:43 [iter 9/24] self-play starting (40 games, 600 sims, WALLS MASKED)...
2026-08-03 12:42:43 [PARALLEL-MP] 8 workers spawned (40 games, sims=600), GPU batcher starting...
2026-08-03 12:43:58   [GPU] 50,002 evals (6260 batches, avg 8/batch = 6% of 128, 671 evals/s, 671 msg/s, 1.0 leaves/msg, 75s)
2026-08-03 12:44:19 [iter 9/24] self-play: 5/40 games...
2026-08-03 12:45:10   [GPU] 100,005 evals (12515 batches, avg 8/batch = 6% of 128, 680 evals/s, 680 msg/s, 1.0 leaves/msg, 147s)
2026-08-03 12:45:32 [iter 9/24] self-play: 10/40 games...
2026-08-03 12:46:23   [GPU] 150,001 evals (18782 batches, avg 8/batch = 6% of 128, 683 evals/s, 683 msg/s, 1.0 leaves/msg, 220s)
2026-08-03 12:46:28 [iter 9/24] self-play: 15/40 games...
2026-08-03 12:47:35 [iter 9/24] self-play: 20/40 games...
2026-08-03 12:47:35   [GPU] 200,005 evals (25038 batches, avg 8/batch = 6% of 128, 685 evals/s, 685 msg/s, 1.0 leaves/msg, 292s)
2026-08-03 12:48:31 [iter 9/24] self-play: 25/40 games...
2026-08-03 12:48:48   [GPU] 250,000 evals (31290 batches, avg 8/batch = 6% of 128, 685 evals/s, 685 msg/s, 1.0 leaves/msg, 365s)
2026-08-03 12:49:12 [iter 9/24] self-play: 30/40 games...
2026-08-03 12:50:02   [GPU] 300,000 evals (37671 batches, avg 8/batch = 6% of 128, 684 evals/s, 684 msg/s, 1.0 leaves/msg, 439s)
2026-08-03 12:50:32 [iter 9/24] self-play: 35/40 games...
2026-08-03 12:51:41 [iter 9/24] self-play: 40/40 games...
2026-08-03 12:51:42 [iter 9/24] self-play done: 40 games (539s) | wins: P1=40 | draw_rate=0% avg_len~21
2026-08-03 12:51:42 [iter 9/24] training (300 steps, lr=1.00e-03)...
2026-08-03 12:51:45 [iter 9/24] training done: loss_p=1.024 loss_v=0.199 (3s)
2026-08-03 12:51:45 [iter 9/24] eval skipped (eval_every=4)
2026-08-03 12:51:45 >>> iter 9 | loss_p=1.024 loss_v=0.199 | vs_best=n/a (not evaluated) | vs_rand=n/a | draw=0% | buf=18554 | rss=2.18GB | sp=539s train=3s eval_best=0s eval_rand=0s | total=542s
2026-08-03 12:51:45 [iter 10/24] self-play starting (40 games, 600 sims, WALLS MASKED)...
2026-08-03 12:51:45 [PARALLEL-MP] 8 workers spawned (40 games, sims=600), GPU batcher starting...
2026-08-03 12:53:00   [GPU] 50,001 evals (6257 batches, avg 8/batch = 6% of 128, 670 evals/s, 670 msg/s, 1.0 leaves/msg, 75s)
2026-08-03 12:53:44 [iter 10/24] self-play: 5/40 games...
2026-08-03 12:54:12   [GPU] 100,007 evals (12512 batches, avg 8/batch = 6% of 128, 682 evals/s, 682 msg/s, 1.0 leaves/msg, 147s)
2026-08-03 12:54:30 [iter 10/24] self-play: 10/40 games...
2026-08-03 12:55:25   [GPU] 150,006 evals (18781 batches, avg 8/batch = 6% of 128, 682 evals/s, 682 msg/s, 1.0 leaves/msg, 220s)
2026-08-03 12:55:44 [iter 10/24] self-play: 15/40 games...
2026-08-03 12:56:26 [iter 10/24] self-play: 20/40 games...
2026-08-03 12:56:38   [GPU] 200,006 evals (25036 batches, avg 8/batch = 6% of 128, 684 evals/s, 684 msg/s, 1.0 leaves/msg, 292s)
2026-08-03 12:57:50 [iter 10/24] self-play: 25/40 games...
2026-08-03 12:57:50   [GPU] 250,005 evals (31288 batches, avg 8/batch = 6% of 128, 685 evals/s, 685 msg/s, 1.0 leaves/msg, 365s)
2026-08-03 12:58:42 [iter 10/24] self-play: 30/40 games...
2026-08-03 12:59:03   [GPU] 300,000 evals (37553 batches, avg 8/batch = 6% of 128, 686 evals/s, 686 msg/s, 1.0 leaves/msg, 438s)
2026-08-03 12:59:31 [iter 10/24] self-play: 35/40 games...
2026-08-03 13:00:15 [iter 10/24] self-play: 40/40 games...
2026-08-03 13:00:16 [iter 10/24] self-play done: 40 games (510s) | wins: P0=1, P1=39 | draw_rate=0% avg_len~22
2026-08-03 13:00:16 [iter 10/24] training (300 steps, lr=1.00e-03)...
2026-08-03 13:00:19 [iter 10/24] training done: loss_p=1.014 loss_v=0.187 (3s)
2026-08-03 13:00:19 [iter 10/24] eval skipped (eval_every=4)
2026-08-03 13:00:19 >>> iter 10 | loss_p=1.014 loss_v=0.187 | vs_best=n/a (not evaluated) | vs_rand=n/a | draw=0% | buf=20276 | rss=2.19GB | sp=510s train=3s eval_best=0s eval_rand=0s | total=514s
2026-08-03 13:00:19 [iter 11/24] self-play starting (40 games, 600 sims, 1/10 WALLS)...
2026-08-03 13:00:19 [PARALLEL-MP] 8 workers spawned (40 games, sims=600), GPU batcher starting...
2026-08-03 13:01:35   [GPU] 50,002 evals (6350 batches, avg 8/batch = 6% of 128, 656 evals/s, 656 msg/s, 1.0 leaves/msg, 76s)
2026-08-03 13:02:10 [iter 11/24] self-play: 5/40 games...
2026-08-03 13:02:48   [GPU] 100,006 evals (12690 batches, avg 8/batch = 6% of 128, 671 evals/s, 671 msg/s, 1.0 leaves/msg, 149s)
2026-08-03 13:03:20 [iter 11/24] self-play: 10/40 games...
2026-08-03 13:04:01   [GPU] 150,006 evals (19007 batches, avg 8/batch = 6% of 128, 676 evals/s, 676 msg/s, 1.0 leaves/msg, 222s)
2026-08-03 13:04:25 [iter 11/24] self-play: 15/40 games...
2026-08-03 13:05:14   [GPU] 200,005 evals (25321 batches, avg 8/batch = 6% of 128, 679 evals/s, 679 msg/s, 1.0 leaves/msg, 295s)
2026-08-03 13:05:20 [iter 11/24] self-play: 20/40 games...
2026-08-03 13:06:25 [iter 11/24] self-play: 25/40 games...
2026-08-03 13:06:26   [GPU] 250,003 evals (31649 batches, avg 8/batch = 6% of 128, 682 evals/s, 682 msg/s, 1.0 leaves/msg, 367s)
2026-08-03 13:07:18 [iter 11/24] self-play: 30/40 games...
2026-08-03 13:07:38   [GPU] 300,002 evals (37962 batches, avg 8/batch = 6% of 128, 684 evals/s, 684 msg/s, 1.0 leaves/msg, 439s)
2026-08-03 13:08:22 [iter 11/24] self-play: 35/40 games...
2026-08-03 13:09:24 [iter 11/24] self-play: 40/40 games...
2026-08-03 13:09:24 [iter 11/24] self-play done: 40 games (545s) | wins: P0=19, P1=21 | draw_rate=0% avg_len~21
2026-08-03 13:09:24 [iter 11/24] training (300 steps, lr=1.00e-03)...
2026-08-03 13:09:27 [iter 11/24] training done: loss_p=1.051 loss_v=0.192 (3s)
2026-08-03 13:09:27 [iter 11/24] eval skipped (eval_every=4)
2026-08-03 13:09:27 >>> iter 11 | loss_p=1.051 loss_v=0.192 | vs_best=n/a (not evaluated) | vs_rand=n/a | draw=0% | buf=21966 | rss=2.20GB | sp=545s train=3s eval_best=0s eval_rand=0s | total=548s
2026-08-03 13:09:27 [iter 12/24] self-play starting (40 games, 600 sims, 2/10 WALLS)...
2026-08-03 13:09:27 [PARALLEL-MP] 8 workers spawned (40 games, sims=600), GPU batcher starting...
2026-08-03 13:10:44   [GPU] 50,003 evals (6346 batches, avg 8/batch = 6% of 128, 653 evals/s, 653 msg/s, 1.0 leaves/msg, 77s)
2026-08-03 13:11:55   [GPU] 100,003 evals (12641 batches, avg 8/batch = 6% of 128, 675 evals/s, 675 msg/s, 1.0 leaves/msg, 148s)
2026-08-03 13:12:00 [iter 12/24] self-play: 5/40 games...
2026-08-03 13:13:09   [GPU] 150,006 evals (18985 batches, avg 8/batch = 6% of 128, 676 evals/s, 676 msg/s, 1.0 leaves/msg, 222s)
2026-08-03 13:13:38 [iter 12/24] self-play: 10/40 games...
2026-08-03 13:14:22   [GPU] 200,003 evals (25342 batches, avg 8/batch = 6% of 128, 679 evals/s, 679 msg/s, 1.0 leaves/msg, 295s)
2026-08-03 13:14:52 [iter 12/24] self-play: 15/40 games...
2026-08-03 13:15:36   [GPU] 250,006 evals (31662 batches, avg 8/batch = 6% of 128, 679 evals/s, 679 msg/s, 1.0 leaves/msg, 368s)
2026-08-03 13:16:36 [iter 12/24] self-play: 20/40 games...
2026-08-03 13:16:49   [GPU] 300,005 evals (38006 batches, avg 8/batch = 6% of 128, 679 evals/s, 679 msg/s, 1.0 leaves/msg, 442s)
2026-08-03 13:18:03   [GPU] 350,003 evals (44360 batches, avg 8/batch = 6% of 128, 679 evals/s, 679 msg/s, 1.0 leaves/msg, 515s)
2026-08-03 13:18:10 [iter 12/24] self-play: 25/40 games...
2026-08-03 13:19:01 [iter 12/24] self-play: 30/40 games...
2026-08-03 13:19:17   [GPU] 400,003 evals (50735 batches, avg 8/batch = 6% of 128, 678 evals/s, 678 msg/s, 1.0 leaves/msg, 590s)
2026-08-03 13:20:31   [GPU] 450,003 evals (57156 batches, avg 8/batch = 6% of 128, 678 evals/s, 678 msg/s, 1.0 leaves/msg, 664s)
2026-08-03 13:20:44 [iter 12/24] self-play: 35/40 games...
2026-08-03 13:22:33 [iter 12/24] self-play: 40/40 games...
2026-08-03 13:22:33 [iter 12/24] self-play done: 40 games (786s) | wins: P0=21, P1=19 | draw_rate=0% avg_len~26
2026-08-03 13:22:33 [iter 12/24] training (300 steps, lr=1.00e-03)...
2026-08-03 13:22:37 [iter 12/24] training done: loss_p=1.069 loss_v=0.194 (3s)
2026-08-03 13:22:37 [iter 12/24] eval vs best (40 games, 100 sims)...
2026-08-03 13:22:37 [EVAL-MP] 8 workers spawned (40 vs_best games, sims=100), GPU batcher starting...
2026-08-03 13:23:40 [iter 12/24] eval vs best: 5/40 games (63s, cand 0%)
2026-08-03 13:24:15   [GPU] 50,000 evals (6385 batches, avg 8/batch = 6% of 128, 513 evals/s, 513 msg/s, 1.0 leaves/msg, 97s)
2026-08-03 13:25:56   [GPU] 100,002 evals (13142 batches, avg 8/batch = 6% of 128, 503 evals/s, 503 msg/s, 1.0 leaves/msg, 199s)
2026-08-03 13:26:37 [iter 12/24] eval vs best: 10/40 games (240s, cand 0%)
2026-08-03 13:27:07 [iter 12/24] eval vs best: 15/40 games (270s, cand 0%)
2026-08-03 13:27:44   [GPU] 150,000 evals (20428 batches, avg 7/batch = 6% of 128, 488 evals/s, 488 msg/s, 1.0 leaves/msg, 307s)
2026-08-03 13:29:43   [GPU] 200,001 evals (28391 batches, avg 7/batch = 6% of 128, 469 evals/s, 469 msg/s, 1.0 leaves/msg, 426s)
2026-08-03 13:30:36 [iter 12/24] eval vs best: 20/40 games (479s, cand 0%)
2026-08-03 13:31:05 [iter 12/24] eval vs best: 25/40 games (508s, cand 0%)
2026-08-03 13:31:50   [GPU] 250,005 evals (36890 batches, avg 7/batch = 5% of 128, 452 evals/s, 452 msg/s, 1.0 leaves/msg, 553s)
2026-08-03 13:34:17   [GPU] 300,001 evals (47066 batches, avg 6/batch = 5% of 128, 429 evals/s, 429 msg/s, 1.0 leaves/msg, 700s)
2026-08-03 13:34:40 [iter 12/24] eval vs best: 30/40 games (723s, cand 0%)
2026-08-03 13:35:27 [iter 12/24] eval vs best: 35/40 games (770s, cand 0%)
2026-08-03 13:37:21   [GPU] 350,002 evals (60394 batches, avg 6/batch = 5% of 128, 396 evals/s, 396 msg/s, 1.0 leaves/msg, 884s)
2026-08-03 13:38:31 [iter 12/24] eval vs best: 40/40 games (954s, cand 0%)
2026-08-03 13:38:32 [iter 12/24] eval vs best done: 0.0% of 34 decided reject (955s)
2026-08-03 13:38:32 [iter 12/24] eval vs random (20 games, 100 sims)...
2026-08-03 13:38:32 [EVAL-MP] 8 workers spawned (20 vs_random games, sims=100), GPU batcher starting...
2026-08-03 13:39:49   [GPU] 50,002 evals (6346 batches, avg 8/batch = 6% of 128, 649 evals/s, 649 msg/s, 1.0 leaves/msg, 77s)
2026-08-03 13:40:08 [iter 12/24] eval vs random: 5/20 games (96s, cand 0%)
2026-08-03 13:40:45 [iter 12/24] eval vs random: 10/20 games (133s, cand 0%)
2026-08-03 13:41:16   [GPU] 100,002 evals (13721 batches, avg 7/batch = 6% of 128, 610 evals/s, 610 msg/s, 1.0 leaves/msg, 164s)
2026-08-03 13:41:41 [iter 12/24] eval vs random: 15/20 games (189s, cand 17%)
2026-08-03 13:43:15 [iter 12/24] eval vs random: 20/20 games (283s, cand 29%)
2026-08-03 13:43:15 [iter 12/24] eval vs random done: 28.6% (283s)
2026-08-03 13:43:15 [iter 12/24] eval vs greedy (40 games, 100 sims)...
2026-08-03 13:43:15 [EVAL-MP] 8 workers spawned (40 vs_greedy games, sims=100), GPU batcher starting...
2026-08-03 13:43:27 [iter 12/24] eval vs greedy: 5/40 games (12s, cand 0%)
2026-08-03 13:43:34 [iter 12/24] eval vs greedy: 10/40 games (19s, cand 0%)
2026-08-03 13:43:37 [iter 12/24] eval vs greedy: 15/40 games (22s, cand 0%)
2026-08-03 13:43:44 [iter 12/24] eval vs greedy: 20/40 games (29s, cand 0%)
2026-08-03 13:43:52 [iter 12/24] eval vs greedy: 25/40 games (37s, cand 0%)
2026-08-03 13:43:58 [iter 12/24] eval vs greedy: 30/40 games (43s, cand 0%)
2026-08-03 13:44:02 [iter 12/24] eval vs greedy: 35/40 games (47s, cand 0%)
2026-08-03 13:44:08 [iter 12/24] eval vs greedy: 40/40 games (53s, cand 0%)
2026-08-03 13:44:09 [iter 12/24] eval vs greedy done: 0.0% of 40 decided [seat0:0/20 seat1:0/20] (54s)
2026-08-03 13:44:09 [iter 12/24] WARNING: racing decay — best seat 0% is 90 pts below the peak 90% (1/2 evals)
2026-08-03 13:44:09 >>> iter 12 | loss_p=1.069 loss_v=0.194 | vs_best=0.0% reject | vs_rand=28.6% | draw=0% | buf=24024 | rss=2.22GB | sp=786s train=3s eval_best=955s eval_rand=283s | total=2081s
2026-08-03 13:44:09 [iter 13/24] self-play starting (40 games, 600 sims, 3/10 WALLS)...
2026-08-03 13:44:09 [PARALLEL-MP] 8 workers spawned (40 games, sims=600), GPU batcher starting...
2026-08-03 13:45:28   [GPU] 50,000 evals (6395 batches, avg 8/batch = 6% of 128, 629 evals/s, 629 msg/s, 1.0 leaves/msg, 80s)
2026-08-03 13:46:31 [iter 13/24] self-play: 5/40 games...
2026-08-03 13:46:42   [GPU] 100,003 evals (12776 batches, avg 8/batch = 6% of 128, 653 evals/s, 653 msg/s, 1.0 leaves/msg, 153s)
2026-08-03 13:47:55   [GPU] 150,001 evals (19115 batches, avg 8/batch = 6% of 128, 663 evals/s, 663 msg/s, 1.0 leaves/msg, 226s)
2026-08-03 13:48:30 [iter 13/24] self-play: 10/40 games...
2026-08-03 13:49:04 [iter 13/24] self-play: 15/40 games...
2026-08-03 13:49:09   [GPU] 200,006 evals (25494 batches, avg 8/batch = 6% of 128, 666 evals/s, 666 msg/s, 1.0 leaves/msg, 300s)
2026-08-03 13:50:24   [GPU] 250,003 evals (31868 batches, avg 8/batch = 6% of 128, 667 evals/s, 667 msg/s, 1.0 leaves/msg, 375s)
2026-08-03 13:51:04 [iter 13/24] self-play: 20/40 games...
2026-08-03 13:51:37   [GPU] 300,002 evals (38233 batches, avg 8/batch = 6% of 128, 669 evals/s, 669 msg/s, 1.0 leaves/msg, 449s)
2026-08-03 13:52:20 [iter 13/24] self-play: 25/40 games...
2026-08-03 13:52:52   [GPU] 350,000 evals (44624 batches, avg 8/batch = 6% of 128, 669 evals/s, 669 msg/s, 1.0 leaves/msg, 523s)
2026-08-03 13:54:05   [GPU] 400,002 evals (50967 batches, avg 8/batch = 6% of 128, 670 evals/s, 670 msg/s, 1.0 leaves/msg, 597s)
2026-08-03 13:54:10 [iter 13/24] self-play: 30/40 games...
2026-08-03 13:55:27 [iter 13/24] self-play: 35/40 games...
2026-08-03 13:55:30   [GPU] 450,003 evals (58229 batches, avg 8/batch = 6% of 128, 661 evals/s, 661 msg/s, 1.0 leaves/msg, 681s)
2026-08-03 13:57:52 [iter 13/24] self-play: 40/40 games...
2026-08-03 13:57:53 [iter 13/24] self-play done: 40 games (824s) | wins: P0=23, P1=17 | draw_rate=0% avg_len~27
2026-08-03 13:57:53 [iter 13/24] training (300 steps, lr=1.00e-03)...
2026-08-03 13:57:56 [iter 13/24] training done: loss_p=1.089 loss_v=0.193 (3s)
2026-08-03 13:57:56 [iter 13/24] eval skipped (eval_every=4)
2026-08-03 13:57:56 >>> iter 13 | loss_p=1.089 loss_v=0.193 | vs_best=n/a (not evaluated) | vs_rand=n/a | draw=0% | buf=26194 | rss=2.23GB | sp=824s train=3s eval_best=0s eval_rand=0s | total=828s
2026-08-03 13:57:56 [iter 14/24] self-play starting (40 games, 600 sims, 4/10 WALLS)...
2026-08-03 13:57:56 [PARALLEL-MP] 8 workers spawned (40 games, sims=600), GPU batcher starting...
2026-08-03 13:59:18   [GPU] 50,007 evals (6394 batches, avg 8/batch = 6% of 128, 610 evals/s, 610 msg/s, 1.0 leaves/msg, 82s)
2026-08-03 14:00:33   [GPU] 100,000 evals (12750 batches, avg 8/batch = 6% of 128, 639 evals/s, 639 msg/s, 1.0 leaves/msg, 157s)
2026-08-03 14:01:48 [iter 14/24] self-play: 5/40 games...
2026-08-03 14:01:48   [GPU] 150,002 evals (19110 batches, avg 8/batch = 6% of 128, 646 evals/s, 646 msg/s, 1.0 leaves/msg, 232s)
2026-08-03 14:03:04   [GPU] 200,003 evals (25479 batches, avg 8/batch = 6% of 128, 650 evals/s, 650 msg/s, 1.0 leaves/msg, 307s)
2026-08-03 14:03:36 [iter 14/24] self-play: 10/40 games...
2026-08-03 14:04:18   [GPU] 250,000 evals (31827 batches, avg 8/batch = 6% of 128, 655 evals/s, 655 msg/s, 1.0 leaves/msg, 382s)
2026-08-03 14:05:08 [iter 14/24] self-play: 15/40 games...
2026-08-03 14:05:32   [GPU] 300,007 evals (38202 batches, avg 8/batch = 6% of 128, 658 evals/s, 658 msg/s, 1.0 leaves/msg, 456s)
2026-08-03 14:06:47   [GPU] 350,000 evals (44585 batches, avg 8/batch = 6% of 128, 660 evals/s, 660 msg/s, 1.0 leaves/msg, 530s)
2026-08-03 14:06:51 [iter 14/24] self-play: 20/40 games...
2026-08-03 14:08:02   [GPU] 400,001 evals (50964 batches, avg 8/batch = 6% of 128, 660 evals/s, 660 msg/s, 1.0 leaves/msg, 606s)
2026-08-03 14:09:12 [iter 14/24] self-play: 25/40 games...
2026-08-03 14:09:18   [GPU] 450,006 evals (57347 batches, avg 8/batch = 6% of 128, 660 evals/s, 660 msg/s, 1.0 leaves/msg, 681s)
2026-08-03 14:10:33   [GPU] 500,002 evals (63726 batches, avg 8/batch = 6% of 128, 661 evals/s, 661 msg/s, 1.0 leaves/msg, 757s)
2026-08-03 14:10:49 [iter 14/24] self-play: 30/40 games...
2026-08-03 14:11:48   [GPU] 550,005 evals (70097 batches, avg 8/batch = 6% of 128, 661 evals/s, 661 msg/s, 1.0 leaves/msg, 832s)
2026-08-03 14:12:31 [iter 14/24] self-play: 35/40 games...
2026-08-03 14:13:54   [GPU] 600,001 evals (80818 batches, avg 7/batch = 6% of 128, 626 evals/s, 626 msg/s, 1.0 leaves/msg, 958s)
2026-08-03 14:16:40 [iter 14/24] self-play: 40/40 games...
2026-08-03 14:16:40 [iter 14/24] self-play done: 40 games (1124s) | wins: P0=26, P1=14 | draw_rate=0% avg_len~32
2026-08-03 14:16:40 [iter 14/24] training (300 steps, lr=1.00e-03)...
2026-08-03 14:16:43 [iter 14/24] training done: loss_p=1.123 loss_v=0.194 (3s)
2026-08-03 14:16:43 [iter 14/24] eval skipped (eval_every=4)
2026-08-03 14:16:43 >>> iter 14 | loss_p=1.123 loss_v=0.194 | vs_best=n/a (not evaluated) | vs_rand=n/a | draw=0% | buf=28730 | rss=2.24GB | sp=1124s train=3s eval_best=0s eval_rand=0s | total=1127s
2026-08-03 14:16:43 [iter 15/24] self-play starting (40 games, 600 sims, 5/10 WALLS)...
2026-08-03 14:16:43 [PARALLEL-MP] 8 workers spawned (40 games, sims=600), GPU batcher starting...
2026-08-03 14:18:03   [GPU] 50,002 evals (6381 batches, avg 8/batch = 6% of 128, 625 evals/s, 625 msg/s, 1.0 leaves/msg, 80s)
2026-08-03 14:19:16   [GPU] 100,000 evals (12698 batches, avg 8/batch = 6% of 128, 657 evals/s, 657 msg/s, 1.0 leaves/msg, 152s)
2026-08-03 14:19:38 [iter 15/24] self-play: 5/40 games...
2026-08-03 14:20:30   [GPU] 150,004 evals (19051 batches, avg 8/batch = 6% of 128, 661 evals/s, 661 msg/s, 1.0 leaves/msg, 227s)
2026-08-03 14:21:38 [iter 15/24] self-play: 10/40 games...
2026-08-03 14:21:44   [GPU] 200,006 evals (25425 batches, avg 8/batch = 6% of 128, 666 evals/s, 666 msg/s, 1.0 leaves/msg, 300s)
2026-08-03 14:22:59   [GPU] 250,000 evals (31793 batches, avg 8/batch = 6% of 128, 665 evals/s, 665 msg/s, 1.0 leaves/msg, 376s)
2026-08-03 14:23:28 [iter 15/24] self-play: 15/40 games...
2026-08-03 14:24:14   [GPU] 300,005 evals (38169 batches, avg 8/batch = 6% of 128, 666 evals/s, 666 msg/s, 1.0 leaves/msg, 451s)
2026-08-03 14:25:28   [GPU] 350,004 evals (44518 batches, avg 8/batch = 6% of 128, 667 evals/s, 667 msg/s, 1.0 leaves/msg, 525s)
2026-08-03 14:25:34 [iter 15/24] self-play: 20/40 games...
2026-08-03 14:26:41   [GPU] 400,000 evals (50867 batches, avg 8/batch = 6% of 128, 669 evals/s, 669 msg/s, 1.0 leaves/msg, 598s)
2026-08-03 14:27:54   [GPU] 450,002 evals (57173 batches, avg 8/batch = 6% of 128, 671 evals/s, 671 msg/s, 1.0 leaves/msg, 671s)
2026-08-03 14:28:02 [iter 15/24] self-play: 25/40 games...
2026-08-03 14:29:07   [GPU] 500,003 evals (63471 batches, avg 8/batch = 6% of 128, 673 evals/s, 673 msg/s, 1.0 leaves/msg, 743s)
2026-08-03 14:30:19   [GPU] 550,003 evals (69779 batches, avg 8/batch = 6% of 128, 674 evals/s, 674 msg/s, 1.0 leaves/msg, 816s)
2026-08-03 14:30:46 [iter 15/24] self-play: 30/40 games...
2026-08-03 14:31:32   [GPU] 600,003 evals (76080 batches, avg 8/batch = 6% of 128, 675 evals/s, 675 msg/s, 1.0 leaves/msg, 888s)
2026-08-03 14:32:54   [GPU] 650,001 evals (83225 batches, avg 8/batch = 6% of 128, 670 evals/s, 670 msg/s, 1.0 leaves/msg, 970s)
2026-08-03 14:34:02 [iter 15/24] self-play: 35/40 games...
2026-08-03 14:34:30   [GPU] 700,002 evals (91870 batches, avg 8/batch = 6% of 128, 657 evals/s, 657 msg/s, 1.0 leaves/msg, 1066s)
2026-08-03 14:36:43   [GPU] 750,001 evals (104341 batches, avg 7/batch = 6% of 128, 625 evals/s, 625 msg/s, 1.0 leaves/msg, 1199s)
2026-08-03 14:39:32   [GPU] 800,000 evals (120146 batches, avg 7/batch = 5% of 128, 585 evals/s, 585 msg/s, 1.0 leaves/msg, 1368s)
2026-08-03 14:41:18 [iter 15/24] self-play: 40/40 games...
2026-08-03 14:41:19 [iter 15/24] self-play done: 40 games (1475s) | wins: P0=35, P1=3, draw=2 | draw_rate=5% avg_len~33
2026-08-03 14:41:19 [iter 15/24] training (300 steps, lr=1.00e-03)...
2026-08-03 14:41:22 [iter 15/24] training done: loss_p=1.151 loss_v=0.177 (3s)
2026-08-03 14:41:22 [iter 15/24] eval skipped (eval_every=4)
2026-08-03 14:41:22 >>> iter 15 | loss_p=1.151 loss_v=0.177 | vs_best=n/a (not evaluated) | vs_rand=n/a | draw=5% | buf=31392 | rss=2.26GB | sp=1475s train=3s eval_best=0s eval_rand=0s | total=1479s
2026-08-03 14:41:22 [iter 16/24] self-play starting (40 games, 600 sims, 6/10 WALLS)...
2026-08-03 14:41:22 [PARALLEL-MP] 8 workers spawned (40 games, sims=600), GPU batcher starting...
2026-08-03 14:42:43   [GPU] 50,005 evals (6372 batches, avg 8/batch = 6% of 128, 619 evals/s, 619 msg/s, 1.0 leaves/msg, 81s)
2026-08-03 14:43:55   [GPU] 100,007 evals (12683 batches, avg 8/batch = 6% of 128, 656 evals/s, 656 msg/s, 1.0 leaves/msg, 153s)
2026-08-03 14:44:16 [iter 16/24] self-play: 5/40 games...
2026-08-03 14:45:11   [GPU] 150,004 evals (19060 batches, avg 8/batch = 6% of 128, 656 evals/s, 656 msg/s, 1.0 leaves/msg, 229s)
2026-08-03 14:46:25   [GPU] 200,002 evals (25424 batches, avg 8/batch = 6% of 128, 661 evals/s, 661 msg/s, 1.0 leaves/msg, 302s)
2026-08-03 14:46:40 [iter 16/24] self-play: 10/40 games...
2026-08-03 14:47:38   [GPU] 250,001 evals (31799 batches, avg 8/batch = 6% of 128, 665 evals/s, 665 msg/s, 1.0 leaves/msg, 376s)
2026-08-03 14:48:50 [iter 16/24] self-play: 15/40 games...
2026-08-03 14:48:51   [GPU] 300,003 evals (38143 batches, avg 8/batch = 6% of 128, 669 evals/s, 669 msg/s, 1.0 leaves/msg, 448s)
2026-08-03 14:50:03   [GPU] 350,007 evals (44494 batches, avg 8/batch = 6% of 128, 672 evals/s, 672 msg/s, 1.0 leaves/msg, 521s)
2026-08-03 14:50:41 [iter 16/24] self-play: 20/40 games...
2026-08-03 14:51:16   [GPU] 400,002 evals (50859 batches, avg 8/batch = 6% of 128, 674 evals/s, 674 msg/s, 1.0 leaves/msg, 594s)
2026-08-03 14:52:06 [iter 16/24] self-play: 25/40 games...
2026-08-03 14:52:30   [GPU] 450,006 evals (57223 batches, avg 8/batch = 6% of 128, 674 evals/s, 674 msg/s, 1.0 leaves/msg, 668s)
2026-08-03 14:53:43   [GPU] 500,006 evals (63593 batches, avg 8/batch = 6% of 128, 675 evals/s, 675 msg/s, 1.0 leaves/msg, 741s)
2026-08-03 14:54:35 [iter 16/24] self-play: 30/40 games...
2026-08-03 14:54:57   [GPU] 550,005 evals (69965 batches, avg 8/batch = 6% of 128, 676 evals/s, 676 msg/s, 1.0 leaves/msg, 814s)
2026-08-03 14:56:10   [GPU] 600,005 evals (76314 batches, avg 8/batch = 6% of 128, 676 evals/s, 676 msg/s, 1.0 leaves/msg, 888s)
2026-08-03 14:56:37 [iter 16/24] self-play: 35/40 games...
2026-08-03 14:58:00   [GPU] 650,001 evals (86249 batches, avg 8/batch = 6% of 128, 652 evals/s, 652 msg/s, 1.0 leaves/msg, 997s)
2026-08-03 15:01:28 [iter 16/24] self-play: 40/40 games...
2026-08-03 15:01:28 [iter 16/24] self-play done: 40 games (1206s) | wins: P0=32, P1=7, draw=1 | draw_rate=2% avg_len~31
2026-08-03 15:01:28 [iter 16/24] training (300 steps, lr=1.00e-03)...
2026-08-03 15:01:31 [iter 16/24] training done: loss_p=1.189 loss_v=0.171 (3s)
2026-08-03 15:01:32 [iter 16/24] eval vs best (40 games, 100 sims)...
2026-08-03 15:01:32 [EVAL-MP] 8 workers spawned (40 vs_best games, sims=100), GPU batcher starting...
2026-08-03 15:02:03 [iter 16/24] eval vs best: 5/40 games (32s, cand 0%)
2026-08-03 15:02:26 [iter 16/24] eval vs best: 10/40 games (54s, cand 10%)
2026-08-03 15:02:49 [iter 16/24] eval vs best: 15/40 games (77s, cand 7%)
2026-08-03 15:03:08   [GPU] 50,006 evals (6369 batches, avg 8/batch = 6% of 128, 521 evals/s, 521 msg/s, 1.0 leaves/msg, 96s)
2026-08-03 15:03:11 [iter 16/24] eval vs best: 20/40 games (99s, cand 5%)
2026-08-03 15:03:34 [iter 16/24] eval vs best: 25/40 games (122s, cand 4%)
2026-08-03 15:05:37   [GPU] 100,001 evals (16792 batches, avg 6/batch = 5% of 128, 408 evals/s, 408 msg/s, 1.0 leaves/msg, 245s)
2026-08-03 15:05:59 [iter 16/24] eval vs best: 30/40 games (267s, cand 4%)
2026-08-03 15:07:27 [iter 16/24] eval vs best: 35/40 games (355s, cand 10%)
2026-08-03 15:09:28   [GPU] 150,000 evals (34031 batches, avg 4/batch = 3% of 128, 315 evals/s, 315 msg/s, 1.0 leaves/msg, 476s)
2026-08-03 15:10:16 [iter 16/24] eval vs best: 40/40 games (524s, cand 9%)
2026-08-03 15:10:17 [iter 16/24] eval vs best done: 8.6% of 35 decided reject (525s)
2026-08-03 15:10:17 [iter 16/24] eval vs random (20 games, 100 sims)...
2026-08-03 15:10:17 [EVAL-MP] 8 workers spawned (20 vs_random games, sims=100), GPU batcher starting...
2026-08-03 15:11:33   [GPU] 50,004 evals (6369 batches, avg 8/batch = 6% of 128, 653 evals/s, 653 msg/s, 1.0 leaves/msg, 77s)
2026-08-03 15:11:51 [iter 16/24] eval vs random: 5/20 games (95s, cand 100%)
2026-08-03 15:11:53 [iter 16/24] eval vs random: 10/20 games (96s, cand 75%)
2026-08-03 15:12:58   [GPU] 100,006 evals (13608 batches, avg 7/batch = 6% of 128, 619 evals/s, 619 msg/s, 1.0 leaves/msg, 162s)
2026-08-03 15:13:24 [iter 16/24] eval vs random: 15/20 games (188s, cand 60%)
2026-08-03 15:14:56 [iter 16/24] eval vs random: 20/20 games (279s, cand 50%)
2026-08-03 15:14:56 [iter 16/24] eval vs random done: 50.0% (280s)
2026-08-03 15:14:56 [iter 16/24] eval vs greedy (40 games, 100 sims)...
2026-08-03 15:14:56 [EVAL-MP] 8 workers spawned (40 vs_greedy games, sims=100), GPU batcher starting...
2026-08-03 15:15:07 [iter 16/24] eval vs greedy: 5/40 games (11s, cand 0%)
2026-08-03 15:15:15 [iter 16/24] eval vs greedy: 10/40 games (19s, cand 0%)
2026-08-03 15:15:19 [iter 16/24] eval vs greedy: 15/40 games (23s, cand 0%)
2026-08-03 15:15:25 [iter 16/24] eval vs greedy: 20/40 games (29s, cand 0%)
2026-08-03 15:15:32 [iter 16/24] eval vs greedy: 25/40 games (36s, cand 0%)
2026-08-03 15:15:38 [iter 16/24] eval vs greedy: 30/40 games (42s, cand 0%)
2026-08-03 15:15:42 [iter 16/24] eval vs greedy: 35/40 games (46s, cand 0%)
2026-08-03 15:15:49 [iter 16/24] eval vs greedy: 40/40 games (53s, cand 0%)
2026-08-03 15:15:50 [iter 16/24] eval vs greedy done: 0.0% of 40 decided [seat0:0/20 seat1:0/20] (53s)
2026-08-03 15:15:50 [iter 16/24] WARNING: racing decay — best seat 0% is 90 pts below the peak 90% (2/2 evals)
2026-08-03 15:15:50 >>> iter 16 | loss_p=1.189 loss_v=0.171 | vs_best=8.6% reject | vs_rand=50.0% | draw=2% | buf=33888 | rss=2.28GB | sp=1206s train=3s eval_best=525s eval_rand=280s | total=2067s
2026-08-03 15:15:50 STOPPING EARLY at iteration 16/24 — racing decay: best per-seat greedy rate 0% stayed >=20 pts below its peak 90% for 2 consecutive evals. best.pt holds the peak; resume by raising greedy_stop_patience if this was noise.
