local 9x9 smoke: 15 iters, 24 games/iter, mask for 8 -> runs/local_9x9_v6
======================================================================
training_loop_mp launched | N=2 board=9x9 | sims=200 games/iter=24 | self_play=parallel workers=12 vec_games=0
checkpoint_dir=runs/local_9x9_v6 | eval=40+20+20 greedy | accept_margin=0.08 | buffer=50000
train_steps=300 max_moves=160 explore_moves=20 warmup=1000 discount=0.99/round leaf_batch=1 vloss=1.0
resources: 15 usable cpus (host cores), 26 GB, no cgroup limit, gpu: no CUDA, rss=0.30 GB at launch
======================================================================
Config frozen -> runs/local_9x9_v6/config.json
Champion initialised from the starting model -> runs/local_9x9_v6/best.pt
Starting N=2 training: 15 iterations, 24 games/iter, 200 sims
[iter 1/15] self-play starting (24 games, 200 sims, WALLS MASKED)...
[PARALLEL-MP] 12 workers spawned (24 games, sims=200), GPU batcher starting...
  [GPU] 50,005 evals (4171 batches, avg 12/batch = 9% of 128, 1242 evals/s, 1242 msg/s, 1.0 leaves/msg, 40s)
  [GPU] 100,009 evals (8338 batches, avg 12/batch = 9% of 128, 1256 evals/s, 1256 msg/s, 1.0 leaves/msg, 80s)
[iter 1/15] self-play: 5/24 games...
  [GPU] 150,000 evals (12504 batches, avg 12/batch = 9% of 128, 1263 evals/s, 1263 msg/s, 1.0 leaves/msg, 119s)
  [GPU] 200,004 evals (16671 batches, avg 12/batch = 9% of 128, 1274 evals/s, 1274 msg/s, 1.0 leaves/msg, 157s)
[iter 1/15] self-play: 10/24 games...
  [GPU] 250,009 evals (20840 batches, avg 12/batch = 9% of 128, 1280 evals/s, 1280 msg/s, 1.0 leaves/msg, 195s)
  [GPU] 300,003 evals (25320 batches, avg 12/batch = 9% of 128, 1271 evals/s, 1271 msg/s, 1.0 leaves/msg, 236s)
  [GPU] 350,004 evals (29892 batches, avg 12/batch = 9% of 128, 1261 evals/s, 1261 msg/s, 1.0 leaves/msg, 277s)
[iter 1/15] self-play: 15/24 games...
[iter 1/15] self-play: 20/24 games...
  [GPU] 400,003 evals (38803 batches, avg 10/batch = 8% of 128, 1135 evals/s, 1135 msg/s, 1.0 leaves/msg, 352s)
[iter 1/15] self-play: 24/24 games...
[iter 1/15] self-play done: 24 games (443s) | wins: P0=6, P1=13, draw=5 | draw_rate=21% avg_len~57
[iter 1/15] WARNING: draw_rate 21% > 20% — games timing out at max_game_moves=160 (weak value signal).
[iter 1/15] training (300 steps, lr=1.00e-03)...
[iter 1/15] training done: loss_p=1.428 loss_v=0.377 (28s)
[iter 1/15] eval skipped (eval_every=3)
>>> iter 1 | loss_p=1.428 loss_v=0.377 | vs_best=n/a (not evaluated) | vs_rand=n/a | draw=21% | buf=2732 | rss=0.26GB | sp=443s train=28s eval_best=0s eval_rand=0s | total=471s
[iter 2/15] self-play starting (24 games, 200 sims, WALLS MASKED)...
[PARALLEL-MP] 12 workers spawned (24 games, sims=200), GPU batcher starting...
[iter 2/15] self-play: 5/24 games...
  [GPU] 50,004 evals (4168 batches, avg 12/batch = 9% of 128, 1285 evals/s, 1285 msg/s, 1.0 leaves/msg, 39s)
[iter 2/15] self-play: 10/24 games...
[iter 2/15] self-play: 15/24 games...
  [GPU] 100,002 evals (9901 batches, avg 10/batch = 8% of 128, 1122 evals/s, 1122 msg/s, 1.0 leaves/msg, 89s)
[iter 2/15] self-play: 20/24 games...
[iter 2/15] self-play: 24/24 games...
[iter 2/15] self-play done: 24 games (102s) | wins: P0=4, P1=20 | draw_rate=0% avg_len~27
[iter 2/15] training (300 steps, lr=1.00e-03)...
[iter 2/15] training done: loss_p=1.182 loss_v=0.273 (28s)
[iter 2/15] eval skipped (eval_every=3)
>>> iter 2 | loss_p=1.182 loss_v=0.273 | vs_best=n/a (not evaluated) | vs_rand=n/a | draw=0% | buf=4012 | rss=0.34GB | sp=102s train=28s eval_best=0s eval_rand=0s | total=130s
[iter 3/15] self-play starting (24 games, 200 sims, WALLS MASKED)...
[PARALLEL-MP] 12 workers spawned (24 games, sims=200), GPU batcher starting...
[iter 3/15] self-play: 5/24 games...
[iter 3/15] self-play: 10/24 games...
  [GPU] 50,004 evals (4168 batches, avg 12/batch = 9% of 128, 1288 evals/s, 1288 msg/s, 1.0 leaves/msg, 39s)
[iter 3/15] self-play: 15/24 games...
[iter 3/15] self-play: 20/24 games...
[iter 3/15] self-play: 24/24 games...
[iter 3/15] self-play done: 24 games (62s) | wins: P0=6, P1=18 | draw_rate=0% avg_len~21
[iter 3/15] training (300 steps, lr=1.00e-03)...
[iter 3/15] training done: loss_p=1.113 loss_v=0.280 (28s)
[iter 3/15] eval vs best (40 games, 100 sims)...
[EVAL-MP] 12 workers spawned (40 vs_best games, sims=100), GPU batcher starting...
[iter 3/15] eval vs best: 5/40 games (19s, cand 100%)
[iter 3/15] eval vs best: 10/40 games (35s, cand 100%)
  [GPU] 50,003 evals (4175 batches, avg 12/batch = 9% of 128, 1185 evals/s, 1185 msg/s, 1.0 leaves/msg, 42s)
[iter 3/15] eval vs best: 15/40 games (43s, cand 100%)
[iter 3/15] eval vs best: 20/40 games (63s, cand 100%)
  [GPU] 100,005 evals (9862 batches, avg 10/batch = 8% of 128, 1026 evals/s, 1026 msg/s, 1.0 leaves/msg, 97s)
[iter 3/15] eval vs best: 25/40 games (158s, cand 100%)
  [GPU] 150,006 evals (17018 batches, avg 9/batch = 7% of 128, 896 evals/s, 896 msg/s, 1.0 leaves/msg, 167s)
[iter 3/15] eval vs best: 30/40 games (176s, cand 100%)
[iter 3/15] eval vs best: 35/40 games (191s, cand 100%)
[iter 3/15] eval vs best: 40/40 games (310s, cand 100%)
[iter 3/15] eval vs best done: 100.0% of 32 decided ACCEPT (310s)
[iter 3/15] eval vs random (20 games, 100 sims)...
[EVAL-MP] 12 workers spawned (20 vs_random games, sims=100), GPU batcher starting...
[iter 3/15] eval vs random: 5/20 games (13s, cand 100%)
[iter 3/15] eval vs random: 10/20 games (24s, cand 100%)
  [GPU] 50,000 evals (7152 batches, avg 7/batch = 5% of 128, 818 evals/s, 818 msg/s, 1.0 leaves/msg, 61s)
[iter 3/15] eval vs random: 15/20 games (67s, cand 100%)
[iter 3/15] eval vs random: 20/20 games (84s, cand 100%)
[iter 3/15] eval vs random done: 100.0% (84s)
[iter 3/15] eval vs greedy (20 games, 100 sims)...
[EVAL-MP] 12 workers spawned (20 vs_greedy games, sims=100), GPU batcher starting...
[iter 3/15] eval vs greedy: 5/20 games (7s, cand 100%)
[iter 3/15] eval vs greedy: 10/20 games (8s, cand 70%)
[iter 3/15] eval vs greedy: 15/20 games (12s, cand 67%)
[iter 3/15] eval vs greedy: 20/20 games (15s, cand 55%)
[iter 3/15] eval vs greedy done: 55.0% of 20 decided [seat0:1/10 seat1:10/10] (16s)
>>> iter 3 | loss_p=1.113 loss_v=0.280 | vs_best=100.0% ACCEPT | vs_rand=100.0% | draw=0% | buf=5008 | rss=0.10GB | sp=62s train=28s eval_best=310s eval_rand=84s | total=500s
[iter 4/15] self-play starting (24 games, 200 sims, WALLS MASKED)...
[PARALLEL-MP] 12 workers spawned (24 games, sims=200), GPU batcher starting...
[iter 4/15] self-play: 5/24 games...
  [GPU] 50,000 evals (4170 batches, avg 12/batch = 9% of 128, 1290 evals/s, 1290 msg/s, 1.0 leaves/msg, 39s)
[iter 4/15] self-play: 10/24 games...
[iter 4/15] self-play: 15/24 games...
[iter 4/15] self-play: 20/24 games...
[iter 4/15] self-play: 24/24 games...
[iter 4/15] self-play done: 24 games (74s) | wins: P0=3, P1=21 | draw_rate=0% avg_len~23
[iter 4/15] training (300 steps, lr=1.00e-03)...
[iter 4/15] training done: loss_p=1.076 loss_v=0.244 (28s)
[iter 4/15] eval skipped (eval_every=3)
>>> iter 4 | loss_p=1.076 loss_v=0.244 | vs_best=n/a (not evaluated) | vs_rand=n/a | draw=0% | buf=6130 | rss=0.21GB | sp=74s train=28s eval_best=0s eval_rand=0s | total=102s
[iter 5/15] self-play starting (24 games, 200 sims, WALLS MASKED)...
[PARALLEL-MP] 12 workers spawned (24 games, sims=200), GPU batcher starting...
[iter 5/15] self-play: 5/24 games...
  [GPU] 50,004 evals (4168 batches, avg 12/batch = 9% of 128, 1303 evals/s, 1303 msg/s, 1.0 leaves/msg, 38s)
[iter 5/15] self-play: 10/24 games...
[iter 5/15] self-play: 15/24 games...
[iter 5/15] self-play: 20/24 games...
[iter 5/15] self-play: 24/24 games...
[iter 5/15] self-play done: 24 games (74s) | wins: P0=6, P1=18 | draw_rate=0% avg_len~23
[iter 5/15] training (300 steps, lr=1.00e-03)...
[iter 5/15] training done: loss_p=1.051 loss_v=0.243 (28s)
[iter 5/15] eval skipped (eval_every=3)
>>> iter 5 | loss_p=1.051 loss_v=0.243 | vs_best=n/a (not evaluated) | vs_rand=n/a | draw=0% | buf=7222 | rss=0.21GB | sp=74s train=28s eval_best=0s eval_rand=0s | total=101s
[iter 6/15] self-play starting (24 games, 200 sims, WALLS MASKED)...
[PARALLEL-MP] 12 workers spawned (24 games, sims=200), GPU batcher starting...
[iter 6/15] self-play: 5/24 games...
  [GPU] 50,004 evals (4168 batches, avg 12/batch = 9% of 128, 1288 evals/s, 1288 msg/s, 1.0 leaves/msg, 39s)
[iter 6/15] self-play: 10/24 games...
[iter 6/15] self-play: 15/24 games...
[iter 6/15] self-play: 20/24 games...
[iter 6/15] self-play: 24/24 games...
[iter 6/15] self-play done: 24 games (74s) | wins: P0=2, P1=22 | draw_rate=0% avg_len~23
[iter 6/15] training (300 steps, lr=1.00e-03)...
[iter 6/15] training done: loss_p=1.034 loss_v=0.230 (27s)
[iter 6/15] eval vs best (40 games, 100 sims)...
[EVAL-MP] 12 workers spawned (40 vs_best games, sims=100), GPU batcher starting...
[iter 6/15] eval vs best: 5/40 games (18s, cand 60%)
[iter 6/15] eval vs best: 10/40 games (19s, cand 50%)
[iter 6/15] eval vs best: 15/40 games (32s, cand 47%)
[iter 6/15] eval vs best: 20/40 games (35s, cand 55%)
  [GPU] 50,010 evals (4176 batches, avg 12/batch = 9% of 128, 1185 evals/s, 1185 msg/s, 1.0 leaves/msg, 42s)
[iter 6/15] eval vs best: 25/40 games (49s, cand 52%)
[iter 6/15] eval vs best: 30/40 games (51s, cand 53%)
[iter 6/15] eval vs best: 35/40 games (66s, cand 54%)
[iter 6/15] eval vs best: 40/40 games (174s, cand 58%)
[iter 6/15] eval vs best done: 57.9% of 38 decided reject (174s)
[iter 6/15] eval vs random (20 games, 100 sims)...
[EVAL-MP] 12 workers spawned (20 vs_random games, sims=100), GPU batcher starting...
[iter 6/15] eval vs random: 5/20 games (11s, cand 100%)
[iter 6/15] eval vs random: 10/20 games (18s, cand 100%)
[iter 6/15] eval vs random: 15/20 games (29s, cand 100%)
[iter 6/15] eval vs random: 20/20 games (75s, cand 100%)
[iter 6/15] eval vs random done: 100.0% (75s)
[iter 6/15] eval vs greedy (20 games, 100 sims)...
[EVAL-MP] 12 workers spawned (20 vs_greedy games, sims=100), GPU batcher starting...
[iter 6/15] eval vs greedy: 5/20 games (7s, cand 100%)
[iter 6/15] eval vs greedy: 10/20 games (9s, cand 60%)
[iter 6/15] eval vs greedy: 15/20 games (12s, cand 60%)
[iter 6/15] eval vs greedy: 20/20 games (16s, cand 50%)
[iter 6/15] eval vs greedy done: 50.0% of 20 decided [seat0:0/10 seat1:10/10] (17s)
>>> iter 6 | loss_p=1.034 loss_v=0.230 | vs_best=57.9% reject | vs_rand=100.0% | draw=0% | buf=8322 | rss=0.10GB | sp=74s train=27s eval_best=174s eval_rand=75s | total=368s
[iter 7/15] self-play starting (24 games, 200 sims, WALLS MASKED)...
[PARALLEL-MP] 12 workers spawned (24 games, sims=200), GPU batcher starting...
[iter 7/15] self-play: 5/24 games...
[iter 7/15] self-play: 10/24 games...
  [GPU] 50,004 evals (4168 batches, avg 12/batch = 9% of 128, 1283 evals/s, 1283 msg/s, 1.0 leaves/msg, 39s)
[iter 7/15] self-play: 15/24 games...
[iter 7/15] self-play: 20/24 games...
[iter 7/15] self-play: 24/24 games...
[iter 7/15] self-play done: 24 games (71s) | wins: P0=5, P1=19 | draw_rate=0% avg_len~22
[iter 7/15] training (300 steps, lr=1.00e-03)...
[iter 7/15] training done: loss_p=1.025 loss_v=0.228 (29s)
[iter 7/15] eval skipped (eval_every=3)
>>> iter 7 | loss_p=1.025 loss_v=0.228 | vs_best=n/a (not evaluated) | vs_rand=n/a | draw=0% | buf=9392 | rss=0.23GB | sp=71s train=29s eval_best=0s eval_rand=0s | total=100s
[iter 8/15] self-play starting (24 games, 200 sims, WALLS MASKED)...
[PARALLEL-MP] 12 workers spawned (24 games, sims=200), GPU batcher starting...
[iter 8/15] self-play: 5/24 games...
[iter 8/15] self-play: 10/24 games...
  [GPU] 50,004 evals (4168 batches, avg 12/batch = 9% of 128, 1295 evals/s, 1295 msg/s, 1.0 leaves/msg, 39s)
[iter 8/15] self-play: 15/24 games...
[iter 8/15] self-play: 20/24 games...
[iter 8/15] self-play: 24/24 games...
[iter 8/15] self-play done: 24 games (71s) | wins: P0=4, P1=20 | draw_rate=0% avg_len~23
[iter 8/15] training (300 steps, lr=1.00e-03)...
[iter 8/15] training done: loss_p=1.013 loss_v=0.221 (27s)
[iter 8/15] eval skipped (eval_every=3)
>>> iter 8 | loss_p=1.013 loss_v=0.221 | vs_best=n/a (not evaluated) | vs_rand=n/a | draw=0% | buf=10476 | rss=0.24GB | sp=71s train=27s eval_best=0s eval_rand=0s | total=98s
[iter 9/15] self-play starting (24 games, 200 sims)...
[PARALLEL-MP] 12 workers spawned (24 games, sims=200), GPU batcher starting...
  [GPU] 50,004 evals (4178 batches, avg 12/batch = 9% of 128, 1216 evals/s, 1216 msg/s, 1.0 leaves/msg, 41s)
[iter 9/15] self-play: 5/24 games...
[iter 9/15] self-play: 10/24 games...
  [GPU] 100,006 evals (8362 batches, avg 12/batch = 9% of 128, 1272 evals/s, 1272 msg/s, 1.0 leaves/msg, 79s)
[iter 9/15] self-play: 15/24 games...
[iter 9/15] self-play: 20/24 games...
  [GPU] 150,001 evals (24747 batches, avg 6/batch = 5% of 128, 687 evals/s, 687 msg/s, 1.0 leaves/msg, 218s)
[iter 9/15] self-play: 24/24 games...
[iter 9/15] self-play done: 24 games (238s) | wins: P0=4, P1=19, draw=1 | draw_rate=4% avg_len~28
[iter 9/15] training (300 steps, lr=1.00e-03)...
[iter 9/15] training done: loss_p=1.168 loss_v=0.222 (28s)
[iter 9/15] eval vs best (40 games, 100 sims)...
[EVAL-MP] 12 workers spawned (40 vs_best games, sims=100), GPU batcher starting...
[iter 9/15] eval vs best: 5/40 games (18s, cand 80%)
[iter 9/15] eval vs best: 10/40 games (22s, cand 80%)
[iter 9/15] eval vs best: 15/40 games (34s, cand 73%)
  [GPU] 50,003 evals (4175 batches, avg 12/batch = 9% of 128, 1207 evals/s, 1207 msg/s, 1.0 leaves/msg, 41s)
[iter 9/15] eval vs best: 20/40 games (43s, cand 65%)
[iter 9/15] eval vs best: 25/40 games (53s, cand 64%)
[iter 9/15] eval vs best: 30/40 games (67s, cand 67%)
  [GPU] 100,002 evals (12039 batches, avg 8/batch = 6% of 128, 878 evals/s, 878 msg/s, 1.0 leaves/msg, 114s)
[iter 9/15] eval vs best: 35/40 games (170s, cand 66%)
[iter 9/15] eval vs best: 40/40 games (202s, cand 69%)
[iter 9/15] eval vs best done: 69.4% of 36 decided ACCEPT (202s)
[iter 9/15] eval vs random (20 games, 100 sims)...
[EVAL-MP] 12 workers spawned (20 vs_random games, sims=100), GPU batcher starting...
[iter 9/15] eval vs random: 5/20 games (9s, cand 100%)
[iter 9/15] eval vs random: 10/20 games (14s, cand 100%)
[iter 9/15] eval vs random: 15/20 games (20s, cand 100%)
[iter 9/15] eval vs random: 20/20 games (75s, cand 100%)
[iter 9/15] eval vs random done: 100.0% (75s)
[iter 9/15] eval vs greedy (20 games, 100 sims)...
[EVAL-MP] 12 workers spawned (20 vs_greedy games, sims=100), GPU batcher starting...
[iter 9/15] eval vs greedy: 5/20 games (6s, cand 100%)
[iter 9/15] eval vs greedy: 10/20 games (8s, cand 60%)
[iter 9/15] eval vs greedy: 15/20 games (12s, cand 60%)
[iter 9/15] eval vs greedy: 20/20 games (16s, cand 50%)
[iter 9/15] eval vs greedy done: 50.0% of 20 decided [seat0:0/10 seat1:10/10] (16s)
>>> iter 9 | loss_p=1.168 loss_v=0.222 | vs_best=69.4% ACCEPT | vs_rand=100.0% | draw=4% | buf=11828 | rss=0.19GB | sp=238s train=28s eval_best=202s eval_rand=75s | total=560s
[iter 10/15] self-play starting (24 games, 200 sims)...
[PARALLEL-MP] 12 workers spawned (24 games, sims=200), GPU batcher starting...
  [GPU] 50,009 evals (4185 batches, avg 12/batch = 9% of 128, 1250 evals/s, 1250 msg/s, 1.0 leaves/msg, 40s)
[iter 10/15] self-play: 5/24 games...
  [GPU] 100,003 evals (8364 batches, avg 12/batch = 9% of 128, 1305 evals/s, 1305 msg/s, 1.0 leaves/msg, 77s)
[iter 10/15] self-play: 10/24 games...
[iter 10/15] self-play: 15/24 games...
  [GPU] 150,002 evals (12955 batches, avg 12/batch = 9% of 128, 1267 evals/s, 1267 msg/s, 1.0 leaves/msg, 118s)
[iter 10/15] self-play: 20/24 games...
  [GPU] 200,001 evals (29056 batches, avg 7/batch = 5% of 128, 770 evals/s, 770 msg/s, 1.0 leaves/msg, 260s)
[iter 10/15] self-play: 24/24 games...
[iter 10/15] self-play done: 24 games (316s) | wins: P0=5, P1=18, draw=1 | draw_rate=4% avg_len~40
[iter 10/15] training (300 steps, lr=1.00e-03)...
[iter 10/15] training done: loss_p=1.294 loss_v=0.204 (28s)
[iter 10/15] eval skipped (eval_every=3)
>>> iter 10 | loss_p=1.294 loss_v=0.204 | vs_best=n/a (not evaluated) | vs_rand=n/a | draw=4% | buf=13754 | rss=0.25GB | sp=316s train=28s eval_best=0s eval_rand=0s | total=344s
[iter 11/15] self-play starting (24 games, 200 sims)...
[PARALLEL-MP] 12 workers spawned (24 games, sims=200), GPU batcher starting...
  [GPU] 50,003 evals (4176 batches, avg 12/batch = 9% of 128, 1191 evals/s, 1191 msg/s, 1.0 leaves/msg, 42s)
[iter 11/15] self-play: 5/24 games...
  [GPU] 100,011 evals (8351 batches, avg 12/batch = 9% of 128, 1232 evals/s, 1232 msg/s, 1.0 leaves/msg, 81s)
[iter 11/15] self-play: 10/24 games...
  [GPU] 150,010 evals (12524 batches, avg 12/batch = 9% of 128, 1250 evals/s, 1250 msg/s, 1.0 leaves/msg, 120s)
  [GPU] 200,001 evals (16695 batches, avg 12/batch = 9% of 128, 1259 evals/s, 1259 msg/s, 1.0 leaves/msg, 159s)
  [GPU] 250,007 evals (20960 batches, avg 12/batch = 9% of 128, 1260 evals/s, 1260 msg/s, 1.0 leaves/msg, 198s)
  [GPU] 300,002 evals (25509 batches, avg 12/batch = 9% of 128, 1248 evals/s, 1248 msg/s, 1.0 leaves/msg, 240s)
[iter 11/15] self-play: 15/24 games...
  [GPU] 350,002 evals (30510 batches, avg 11/batch = 9% of 128, 1227 evals/s, 1227 msg/s, 1.0 leaves/msg, 285s)
  [GPU] 400,004 evals (38410 batches, avg 10/batch = 8% of 128, 1129 evals/s, 1129 msg/s, 1.0 leaves/msg, 354s)
[iter 11/15] self-play: 20/24 games...
[iter 11/15] self-play: 24/24 games...
[iter 11/15] self-play done: 24 games (463s) | wins: P0=7, P1=7, draw=10 | draw_rate=42% avg_len~28
[iter 11/15] WARNING: draw_rate 42% > 20% — games timing out at max_game_moves=160 (weak value signal).
[iter 11/15] training (300 steps, lr=1.00e-03)...
[iter 11/15] training done: loss_p=1.327 loss_v=0.181 (28s)
[iter 11/15] eval skipped (eval_every=3)
>>> iter 11 | loss_p=1.327 loss_v=0.181 | vs_best=n/a (not evaluated) | vs_rand=n/a | draw=42% | buf=15084 | rss=0.26GB | sp=463s train=28s eval_best=0s eval_rand=0s | total=491s
[iter 12/15] self-play starting (24 games, 200 sims)...
[PARALLEL-MP] 12 workers spawned (24 games, sims=200), GPU batcher starting...
  [GPU] 50,008 evals (4176 batches, avg 12/batch = 9% of 128, 1164 evals/s, 1164 msg/s, 1.0 leaves/msg, 43s)
[iter 12/15] self-play: 5/24 games...
  [GPU] 100,004 evals (8351 batches, avg 12/batch = 9% of 128, 1210 evals/s, 1210 msg/s, 1.0 leaves/msg, 83s)
[iter 12/15] self-play: 10/24 games...
  [GPU] 150,005 evals (12525 batches, avg 12/batch = 9% of 128, 1229 evals/s, 1229 msg/s, 1.0 leaves/msg, 122s)
[iter 12/15] self-play: 15/24 games...
[iter 12/15] self-play: 20/24 games...
  [GPU] 200,002 evals (19973 batches, avg 10/batch = 8% of 128, 1064 evals/s, 1064 msg/s, 1.0 leaves/msg, 188s)
[iter 12/15] self-play: 24/24 games...
[iter 12/15] self-play done: 24 games (330s) | wins: P0=5, P1=15, draw=4 | draw_rate=17% avg_len~29
[iter 12/15] training (300 steps, lr=1.00e-03)...
[iter 12/15] training done: loss_p=1.367 loss_v=0.172 (28s)
[iter 12/15] eval vs best (40 games, 100 sims)...
[EVAL-MP] 12 workers spawned (40 vs_best games, sims=100), GPU batcher starting...
[iter 12/15] eval vs best: 5/40 games (22s, cand 60%)
[iter 12/15] eval vs best: 10/40 games (30s, cand 50%)
  [GPU] 50,008 evals (4175 batches, avg 12/batch = 9% of 128, 1141 evals/s, 1141 msg/s, 1.0 leaves/msg, 44s)
[iter 12/15] eval vs best: 15/40 games (46s, cand 40%)
[iter 12/15] eval vs best: 20/40 games (68s, cand 50%)
  [GPU] 100,001 evals (9225 batches, avg 11/batch = 8% of 128, 1069 evals/s, 1069 msg/s, 1.0 leaves/msg, 94s)
[iter 12/15] eval vs best: 25/40 games (158s, cand 52%)
  [GPU] 150,004 evals (16378 batches, avg 9/batch = 7% of 128, 924 evals/s, 924 msg/s, 1.0 leaves/msg, 162s)
[iter 12/15] eval vs best: 30/40 games (185s, cand 54%)
[iter 12/15] eval vs best: 35/40 games (210s, cand 57%)
  [GPU] 200,000 evals (28339 batches, avg 7/batch = 6% of 128, 720 evals/s, 720 msg/s, 1.0 leaves/msg, 278s)
[iter 12/15] eval vs best: 40/40 games (357s, cand 60%)
[iter 12/15] eval vs best done: 60.0% of 30 decided ACCEPT (357s)
[iter 12/15] eval vs random (20 games, 100 sims)...
[EVAL-MP] 12 workers spawned (20 vs_random games, sims=100), GPU batcher starting...
[iter 12/15] eval vs random: 5/20 games (16s, cand 100%)
[iter 12/15] eval vs random: 10/20 games (30s, cand 100%)
[iter 12/15] eval vs random: 15/20 games (44s, cand 100%)
  [GPU] 50,000 evals (9232 batches, avg 5/batch = 4% of 128, 579 evals/s, 579 msg/s, 1.0 leaves/msg, 86s)
[iter 12/15] eval vs random: 20/20 games (92s, cand 95%)
[iter 12/15] eval vs random done: 94.7% (92s)
[iter 12/15] eval vs greedy (20 games, 100 sims)...
[EVAL-MP] 12 workers spawned (20 vs_greedy games, sims=100), GPU batcher starting...
[iter 12/15] eval vs greedy: 5/20 games (7s, cand 100%)
[iter 12/15] eval vs greedy: 10/20 games (11s, cand 50%)
[iter 12/15] eval vs greedy: 15/20 games (14s, cand 67%)
[iter 12/15] eval vs greedy: 20/20 games (26s, cand 60%)
[iter 12/15] eval vs greedy done: 60.0% of 20 decided [seat0:3/10 seat1:9/10] (26s)
>>> iter 12 | loss_p=1.367 loss_v=0.172 | vs_best=60.0% ACCEPT | vs_rand=94.7% | draw=17% | buf=16482 | rss=0.11GB | sp=330s train=28s eval_best=357s eval_rand=92s | total=834s
[iter 13/15] self-play starting (24 games, 200 sims)...
[PARALLEL-MP] 12 workers spawned (24 games, sims=200), GPU batcher starting...
  [GPU] 50,010 evals (4178 batches, avg 12/batch = 9% of 128, 1192 evals/s, 1192 msg/s, 1.0 leaves/msg, 42s)
[iter 13/15] self-play: 5/24 games...
  [GPU] 100,008 evals (8350 batches, avg 12/batch = 9% of 128, 1232 evals/s, 1232 msg/s, 1.0 leaves/msg, 81s)
  [GPU] 150,003 evals (12522 batches, avg 12/batch = 9% of 128, 1248 evals/s, 1248 msg/s, 1.0 leaves/msg, 120s)
[iter 13/15] self-play: 10/24 games...
  [GPU] 200,004 evals (16693 batches, avg 12/batch = 9% of 128, 1257 evals/s, 1257 msg/s, 1.0 leaves/msg, 159s)
  [GPU] 250,005 evals (21055 batches, avg 12/batch = 9% of 128, 1253 evals/s, 1253 msg/s, 1.0 leaves/msg, 199s)
  [GPU] 300,000 evals (26056 batches, avg 12/batch = 9% of 128, 1224 evals/s, 1224 msg/s, 1.0 leaves/msg, 245s)
[iter 13/15] self-play: 15/24 games...
[iter 13/15] self-play: 20/24 games...
  [GPU] 350,001 evals (32746 batches, avg 11/batch = 8% of 128, 1137 evals/s, 1137 msg/s, 1.0 leaves/msg, 308s)
[iter 13/15] self-play: 24/24 games...
[iter 13/15] self-play done: 24 games (356s) | wins: P0=11, P1=7, draw=6 | draw_rate=25% avg_len~39
[iter 13/15] WARNING: draw_rate 25% > 20% — games timing out at max_game_moves=160 (weak value signal).
[iter 13/15] training (300 steps, lr=1.00e-03)...
[iter 13/15] training done: loss_p=1.422 loss_v=0.162 (28s)
[iter 13/15] eval skipped (eval_every=3)
>>> iter 13 | loss_p=1.422 loss_v=0.162 | vs_best=n/a (not evaluated) | vs_rand=n/a | draw=25% | buf=18372 | rss=0.28GB | sp=356s train=28s eval_best=0s eval_rand=0s | total=384s
[iter 14/15] self-play starting (24 games, 200 sims)...
[PARALLEL-MP] 12 workers spawned (24 games, sims=200), GPU batcher starting...
[iter 14/15] self-play: 5/24 games...
  [GPU] 50,007 evals (4177 batches, avg 12/batch = 9% of 128, 1167 evals/s, 1167 msg/s, 1.0 leaves/msg, 43s)
  [GPU] 100,001 evals (8352 batches, avg 12/batch = 9% of 128, 1203 evals/s, 1203 msg/s, 1.0 leaves/msg, 83s)
[iter 14/15] self-play: 10/24 games...
[iter 14/15] self-play: 15/24 games...
  [GPU] 150,007 evals (12714 batches, avg 12/batch = 9% of 128, 1207 evals/s, 1207 msg/s, 1.0 leaves/msg, 124s)
[iter 14/15] self-play: 20/24 games...
  [GPU] 200,000 evals (21158 batches, avg 9/batch = 7% of 128, 999 evals/s, 999 msg/s, 1.0 leaves/msg, 200s)
[iter 14/15] self-play: 24/24 games...
[iter 14/15] self-play done: 24 games (302s) | wins: P0=17, P1=4, draw=3 | draw_rate=12% avg_len~32
[iter 14/15] training (300 steps, lr=1.00e-03)...
[iter 14/15] training done: loss_p=1.418 loss_v=0.149 (28s)
[iter 14/15] eval skipped (eval_every=3)
>>> iter 14 | loss_p=1.418 loss_v=0.149 | vs_best=n/a (not evaluated) | vs_rand=n/a | draw=12% | buf=19906 | rss=0.29GB | sp=302s train=28s eval_best=0s eval_rand=0s | total=330s
[iter 15/15] self-play starting (24 games, 200 sims)...
[PARALLEL-MP] 12 workers spawned (24 games, sims=200), GPU batcher starting...
  [GPU] 50,005 evals (4176 batches, avg 12/batch = 9% of 128, 1170 evals/s, 1170 msg/s, 1.0 leaves/msg, 43s)
[iter 15/15] self-play: 5/24 games...
[iter 15/15] self-play: 10/24 games...
  [GPU] 100,008 evals (8353 batches, avg 12/batch = 9% of 128, 1210 evals/s, 1210 msg/s, 1.0 leaves/msg, 83s)
[iter 15/15] self-play: 15/24 games...
[iter 15/15] self-play: 20/24 games...
  [GPU] 150,001 evals (14142 batches, avg 11/batch = 8% of 128, 1104 evals/s, 1104 msg/s, 1.0 leaves/msg, 136s)
[iter 15/15] self-play: 24/24 games...
[iter 15/15] self-play done: 24 games (316s) | wins: P0=22, P1=1, draw=1 | draw_rate=4% avg_len~35
[iter 15/15] training (300 steps, lr=1.00e-03)...
[iter 15/15] training done: loss_p=1.423 loss_v=0.141 (38s)
[iter 15/15] eval vs best (40 games, 100 sims)...
[EVAL-MP] 12 workers spawned (40 vs_best games, sims=100), GPU batcher starting...
[iter 15/15] eval vs best: 5/40 games (20s, cand 80%)
[iter 15/15] eval vs best: 10/40 games (28s, cand 60%)
[iter 15/15] eval vs best: 15/40 games (39s, cand 67%)
  [GPU] 50,000 evals (4177 batches, avg 12/batch = 9% of 128, 1057 evals/s, 1057 msg/s, 1.0 leaves/msg, 47s)
[iter 15/15] eval vs best: 20/40 games (51s, cand 60%)
[iter 15/15] eval vs best: 25/40 games (63s, cand 56%)
[iter 15/15] eval vs best: 30/40 games (81s, cand 50%)
  [GPU] 100,000 evals (13256 batches, avg 8/batch = 6% of 128, 731 evals/s, 731 msg/s, 1.0 leaves/msg, 137s)
[iter 15/15] eval vs best: 35/40 games (195s, cand 53%)
[iter 15/15] eval vs best: 40/40 games (313s, cand 54%)
[iter 15/15] eval vs best done: 54.3% of 35 decided reject (313s)
[iter 15/15] eval vs random (20 games, 100 sims)...
[EVAL-MP] 12 workers spawned (20 vs_random games, sims=100), GPU batcher starting...
[iter 15/15] eval vs random: 5/20 games (11s, cand 100%)
[iter 15/15] eval vs random: 10/20 games (20s, cand 100%)
[iter 15/15] eval vs random: 15/20 games (26s, cand 100%)
[iter 15/15] eval vs random: 20/20 games (135s, cand 100%)
[iter 15/15] eval vs random done: 100.0% (136s)
[iter 15/15] eval vs greedy (20 games, 100 sims)...
[EVAL-MP] 12 workers spawned (20 vs_greedy games, sims=100), GPU batcher starting...
[iter 15/15] eval vs greedy: 5/20 games (9s, cand 40%)
[iter 15/15] eval vs greedy: 10/20 games (13s, cand 20%)
[iter 15/15] eval vs greedy: 15/20 games (16s, cand 13%)
[iter 15/15] eval vs greedy: 20/20 games (24s, cand 10%)
[iter 15/15] eval vs greedy done: 10.0% of 20 decided [seat0:0/10 seat1:2/10] (24s)
>>> iter 15 | loss_p=1.423 loss_v=0.141 | vs_best=54.3% reject | vs_rand=100.0% | draw=4% | buf=21566 | rss=0.10GB | sp=316s train=38s eval_best=313s eval_rand=136s | total=827s
