[NbConvertApp] Converting notebook notebooks/train_9x9_n4.ipynb to notebook
Traceback (most recent call last):
  File "/usr/local/bin/jupyter-nbconvert", line 6, in <module>
    sys.exit(main())
             ^^^^^^
  File "/usr/local/lib/python3.11/dist-packages/jupyter_core/application.py", line 284, in launch_instance
    super().launch_instance(argv=argv, **kwargs)
  File "/usr/local/lib/python3.11/dist-packages/traitlets/config/application.py", line 1075, in launch_instance
    app.start()
  File "/usr/local/lib/python3.11/dist-packages/nbconvert/nbconvertapp.py", line 420, in start
    self.convert_notebooks()
  File "/usr/local/lib/python3.11/dist-packages/nbconvert/nbconvertapp.py", line 597, in convert_notebooks
    self.convert_single_notebook(notebook_filename)
  File "/usr/local/lib/python3.11/dist-packages/nbconvert/nbconvertapp.py", line 563, in convert_single_notebook
    output, resources = self.export_single_notebook(
                        ^^^^^^^^^^^^^^^^^^^^^^^^^^^^
  File "/usr/local/lib/python3.11/dist-packages/nbconvert/nbconvertapp.py", line 487, in export_single_notebook
    output, resources = self.exporter.from_filename(
                        ^^^^^^^^^^^^^^^^^^^^^^^^^^^^
  File "/usr/local/lib/python3.11/dist-packages/nbconvert/exporters/exporter.py", line 201, in from_filename
    return self.from_file(f, resources=resources, **kw)
           ^^^^^^^^^^^^^^^^^^^^^^^^^^^^^^^^^^^^^^^^^^^^
  File "/usr/local/lib/python3.11/dist-packages/nbconvert/exporters/exporter.py", line 220, in from_file
    return self.from_notebook_node(
           ^^^^^^^^^^^^^^^^^^^^^^^^
  File "/usr/local/lib/python3.11/dist-packages/nbconvert/exporters/notebook.py", line 36, in from_notebook_node
    nb_copy, resources = super().from_notebook_node(nb, resources, **kw)
                         ^^^^^^^^^^^^^^^^^^^^^^^^^^^^^^^^^^^^^^^^^^^^^^^
  File "/usr/local/lib/python3.11/dist-packages/nbconvert/exporters/exporter.py", line 154, in from_notebook_node
    nb_copy, resources = self._preprocess(nb_copy, resources)
                         ^^^^^^^^^^^^^^^^^^^^^^^^^^^^^^^^^^^^
  File "/usr/local/lib/python3.11/dist-packages/nbconvert/exporters/exporter.py", line 353, in _preprocess
    nbc, resc = preprocessor(nbc, resc)
                ^^^^^^^^^^^^^^^^^^^^^^^
  File "/usr/local/lib/python3.11/dist-packages/nbconvert/preprocessors/base.py", line 48, in __call__
    return self.preprocess(nb, resources)
           ^^^^^^^^^^^^^^^^^^^^^^^^^^^^^^
  File "/usr/local/lib/python3.11/dist-packages/nbconvert/preprocessors/execute.py", line 103, in preprocess
    self.preprocess_cell(cell, resources, index)
  File "/usr/local/lib/python3.11/dist-packages/nbconvert/preprocessors/execute.py", line 124, in preprocess_cell
    cell = self.execute_cell(cell, index, store_history=True)
           ^^^^^^^^^^^^^^^^^^^^^^^^^^^^^^^^^^^^^^^^^^^^^^^^^^
  File "/usr/local/lib/python3.11/dist-packages/jupyter_core/utils/__init__.py", line 165, in wrapped
    return loop.run_until_complete(inner)
           ^^^^^^^^^^^^^^^^^^^^^^^^^^^^^^
  File "/usr/lib/python3.11/asyncio/base_events.py", line 654, in run_until_complete
    return future.result()
           ^^^^^^^^^^^^^^^
  File "/usr/local/lib/python3.11/dist-packages/nbclient/client.py", line 1062, in async_execute_cell
    await self._check_raise_for_error(cell, cell_index, exec_reply)
  File "/usr/local/lib/python3.11/dist-packages/nbclient/client.py", line 918, in _check_raise_for_error
    raise CellExecutionError.from_cell_and_msg(cell, exec_reply_content)
nbclient.exceptions.CellExecutionError: An error occurred while executing the following cell:
------------------
# 5.1 — Training curves
import json
import matplotlib.pyplot as plt

meta_path = f"{RUN_DIR}/meta.json"

try:
    with open(meta_path) as f:
        meta = json.load(f)
    metrics = meta.get("history", [])
except FileNotFoundError:
    print("No meta.json yet — run training first.")
    metrics = []

if metrics:
    iters = [m['iter'] for m in metrics]
    loss_p = [m.get('loss_p', 0) for m in metrics]
    loss_v = [m.get('loss_v', 0) for m in metrics]
    wr = [m.get('win_vs_random', 0) for m in metrics]

    fig, axes = plt.subplots(1, 3, figsize=(16, 5))
    fig.suptitle('Quoridor 9×9 N=4 — Training Progress', fontsize=14)

    axes[0].plot(iters, loss_p, 'b-o', markersize=3)
    axes[0].set_title('Policy Loss')
    axes[0].set_xlabel('Iteration')
    axes[0].set_ylabel('Cross-Entropy')
    axes[0].grid(True, alpha=0.3)

    axes[1].plot(iters, loss_v, 'r-o', markersize=3)
    axes[1].set_title('Value Loss')
    axes[1].set_xlabel('Iteration')
    axes[1].set_ylabel('MSE')
    axes[1].grid(True, alpha=0.3)

    axes[2].plot(iters, [w * 100 for w in wr], 'g-o', markersize=3)
    axes[2].axhline(y=25, color='gray', linestyle='--', alpha=0.5, label='Random baseline (25%)')
    axes[2].set_title('Win Rate vs Random')
    axes[2].set_xlabel('Iteration')
    axes[2].set_ylabel('Win Rate (%)')
    axes[2].set_ylim(0, 105)
    axes[2].legend()
    axes[2].grid(True, alpha=0.3)

    plt.tight_layout()
    plt.savefig(f"{RUN_DIR}/training_curves.png", dpi=150)
    plt.show()

    print(f"\nLatest iteration: {iters[-1]}")
    print(f"Policy loss: {loss_p[-1]:.4f}")
    print(f"Value loss:  {loss_v[-1]:.4f}")
    print(f"Win rate:    {wr[-1]:.1%} (fair share = 25%)")
------------------

----- stderr -----
2026-07-29 20:01:54,979 [matplotlib.font_manager] INFO: generated new fontManager
------------------

[31m---------------------------------------------------------------------------[39m
[31mTypeError[39m                                 Traceback (most recent call last)
[36mCell[39m[36m [39m[32mIn[8][39m[32m, line 36[39m
[32m     33[39m axes[[32m1[39m].set_ylabel([33m'[39m[33mMSE[39m[33m'[39m)
[32m     34[39m axes[[32m1[39m].grid([38;5;28;01mTrue[39;00m, alpha=[32m0.3[39m)
[32m---> [39m[32m36[39m axes[[32m2[39m].plot(iters, [43m[[49m[43mw[49m[43m [49m[43m*[49m[43m [49m[32;43m100[39;49m[43m [49m[38;5;28;43;01mfor[39;49;00m[43m [49m[43mw[49m[43m [49m[38;5;129;43;01min[39;49;00m[43m [49m[43mwr[49m[43m][49m, [33m'[39m[33mg-o[39m[33m'[39m, markersize=[32m3[39m)
[32m     37[39m axes[[32m2[39m].axhline(y=[32m25[39m, color=[33m'[39m[33mgray[39m[33m'[39m, linestyle=[33m'[39m[33m--[39m[33m'[39m, alpha=[32m0.5[39m, label=[33m'[39m[33mRandom baseline (25[39m[33m%[39m[33m)[39m[33m'[39m)
[32m     38[39m axes[[32m2[39m].set_title([33m'[39m[33mWin Rate vs Random[39m[33m'[39m)

[36mCell[39m[36m [39m[32mIn[8][39m[32m, line 36[39m, in [36m<listcomp>[39m[34m(.0)[39m
[32m     33[39m axes[[32m1[39m].set_ylabel([33m'[39m[33mMSE[39m[33m'[39m)
[32m     34[39m axes[[32m1[39m].grid([38;5;28;01mTrue[39;00m, alpha=[32m0.3[39m)
[32m---> [39m[32m36[39m axes[[32m2[39m].plot(iters, [[43mw[49m[43m [49m[43m*[49m[43m [49m[32;43m100[39;49m [38;5;28;01mfor[39;00m w [38;5;129;01min[39;00m wr], [33m'[39m[33mg-o[39m[33m'[39m, markersize=[32m3[39m)
[32m     37[39m axes[[32m2[39m].axhline(y=[32m25[39m, color=[33m'[39m[33mgray[39m[33m'[39m, linestyle=[33m'[39m[33m--[39m[33m'[39m, alpha=[32m0.5[39m, label=[33m'[39m[33mRandom baseline (25[39m[33m%[39m[33m)[39m[33m'[39m)
[32m     38[39m axes[[32m2[39m].set_title([33m'[39m[33mWin Rate vs Random[39m[33m'[39m)

[31mTypeError[39m: unsupported operand type(s) for *: 'NoneType' and 'int'

