2026-08-02 23:44:46 ======================================================================
2026-08-02 23:44:46 training_loop_mp launched | N=4 board=9x9 | sims=200 games/iter=24 | self_play=parallel workers=8 vec_games=0
2026-08-02 23:44:46 checkpoint_dir=runs/local_9x9_n4_masked | eval=40+20+40 greedy | accept_margin=0.08 | buffer=50000
2026-08-02 23:44:46 train_steps=300 max_moves=320 explore_moves=40 warmup=1000 discount=0.99/ply leaf_batch=1 vloss=1.0
2026-08-02 23:44:46 resources: 15 usable cpus (host cores), 26 GB, no cgroup limit, gpu: no CUDA, rss=0.30 GB at launch
2026-08-02 23:44:46 ======================================================================
2026-08-02 23:44:46 Config frozen -> runs/local_9x9_n4_masked/config.json
2026-08-02 23:44:46 Champion initialised from the starting model -> runs/local_9x9_n4_masked/best.pt
2026-08-02 23:44:46 Starting N=4 training: 12 iterations, 24 games/iter, 200 sims
2026-08-02 23:44:46 [iter 1/12] self-play starting (24 games, 200 sims, WALLS MASKED)...
2026-08-02 23:44:46 [PARALLEL-MP] 8 workers spawned (24 games, sims=200), GPU batcher starting...
2026-08-02 23:45:42   [GPU] 50,003 evals (6252 batches, avg 8/batch = 6% of 128, 904 evals/s, 904 msg/s, 1.0 leaves/msg, 55s)
2026-08-02 23:46:36   [GPU] 100,003 evals (12502 batches, avg 8/batch = 6% of 128, 908 evals/s, 908 msg/s, 1.0 leaves/msg, 110s)
2026-08-02 23:47:31   [GPU] 150,003 evals (18752 batches, avg 8/batch = 6% of 128, 910 evals/s, 910 msg/s, 1.0 leaves/msg, 165s)
2026-08-02 23:48:26   [GPU] 200,004 evals (25005 batches, avg 8/batch = 6% of 128, 910 evals/s, 910 msg/s, 1.0 leaves/msg, 220s)
2026-08-02 23:48:54 [iter 1/12] self-play: 5/24 games...
2026-08-02 23:49:21   [GPU] 250,003 evals (31256 batches, avg 8/batch = 6% of 128, 911 evals/s, 911 msg/s, 1.0 leaves/msg, 274s)
2026-08-02 23:50:16   [GPU] 300,000 evals (37506 batches, avg 8/batch = 6% of 128, 911 evals/s, 911 msg/s, 1.0 leaves/msg, 329s)
2026-08-02 23:51:11   [GPU] 350,007 evals (43758 batches, avg 8/batch = 6% of 128, 910 evals/s, 910 msg/s, 1.0 leaves/msg, 385s)
2026-08-02 23:51:29 [iter 1/12] self-play: 10/24 games...
2026-08-02 23:52:06   [GPU] 400,006 evals (50008 batches, avg 8/batch = 6% of 128, 909 evals/s, 909 msg/s, 1.0 leaves/msg, 440s)
2026-08-02 23:53:01   [GPU] 450,005 evals (56258 batches, avg 8/batch = 6% of 128, 909 evals/s, 909 msg/s, 1.0 leaves/msg, 495s)
2026-08-02 23:53:42 [iter 1/12] self-play: 15/24 games...
2026-08-02 23:53:56   [GPU] 500,002 evals (62510 batches, avg 8/batch = 6% of 128, 910 evals/s, 910 msg/s, 1.0 leaves/msg, 550s)
2026-08-02 23:54:51   [GPU] 550,004 evals (68761 batches, avg 8/batch = 6% of 128, 910 evals/s, 910 msg/s, 1.0 leaves/msg, 604s)
2026-08-02 23:55:51   [GPU] 600,003 evals (75656 batches, avg 8/batch = 6% of 128, 903 evals/s, 903 msg/s, 1.0 leaves/msg, 665s)
2026-08-02 23:55:52 [iter 1/12] self-play: 20/24 games...
2026-08-02 23:57:53 [iter 1/12] self-play: 24/24 games...
2026-08-02 23:57:53 [iter 1/12] self-play done: 24 games (787s) | wins: P0=3, P1=8, P2=5, P3=7, draw=1 | draw_rate=4% avg_len~123
2026-08-02 23:57:53 [iter 1/12] training (300 steps, lr=1.00e-03)...
2026-08-02 23:58:22 [iter 1/12] training done: loss_p=1.574 loss_v=0.178 (29s)
2026-08-02 23:58:22 [iter 1/12] eval skipped (eval_every=4)
2026-08-02 23:58:22 >>> iter 1 | loss_p=1.574 loss_v=0.178 | vs_best=n/a (not evaluated) | vs_rand=n/a | draw=4% | buf=5916 | rss=0.44GB | sp=787s train=29s eval_best=0s eval_rand=0s | total=816s
2026-08-02 23:58:22 [iter 2/12] self-play starting (24 games, 200 sims, WALLS MASKED)...
2026-08-02 23:58:22 [PARALLEL-MP] 8 workers spawned (24 games, sims=200), GPU batcher starting...
2026-08-02 23:59:18   [GPU] 50,007 evals (6252 batches, avg 8/batch = 6% of 128, 904 evals/s, 904 msg/s, 1.0 leaves/msg, 55s)
2026-08-03 00:00:02 [iter 2/12] self-play: 5/24 games...
2026-08-03 00:00:12   [GPU] 100,007 evals (12502 batches, avg 8/batch = 6% of 128, 915 evals/s, 915 msg/s, 1.0 leaves/msg, 109s)
2026-08-03 00:01:03 [iter 2/12] self-play: 10/24 games...
2026-08-03 00:01:07   [GPU] 150,007 evals (18752 batches, avg 8/batch = 6% of 128, 914 evals/s, 914 msg/s, 1.0 leaves/msg, 164s)
2026-08-03 00:01:56 [iter 2/12] self-play: 15/24 games...
2026-08-03 00:02:01   [GPU] 200,001 evals (25004 batches, avg 8/batch = 6% of 128, 914 evals/s, 914 msg/s, 1.0 leaves/msg, 219s)
2026-08-03 00:02:57 [iter 2/12] self-play: 20/24 games...
2026-08-03 00:03:17   [GPU] 250,000 evals (33767 batches, avg 7/batch = 6% of 128, 850 evals/s, 850 msg/s, 1.0 leaves/msg, 294s)
2026-08-03 00:04:08 [iter 2/12] self-play: 24/24 games...
2026-08-03 00:04:08 [iter 2/12] self-play done: 24 games (346s) | wins: P0=11, P1=6, P2=1, P3=6 | draw_rate=0% avg_len~56
2026-08-03 00:04:08 [iter 2/12] training (300 steps, lr=1.00e-03)...
2026-08-03 00:04:36 [iter 2/12] training done: loss_p=1.308 loss_v=0.115 (28s)
2026-08-03 00:04:36 [iter 2/12] eval skipped (eval_every=4)
2026-08-03 00:04:36 >>> iter 2 | loss_p=1.308 loss_v=0.115 | vs_best=n/a (not evaluated) | vs_rand=n/a | draw=0% | buf=8624 | rss=0.47GB | sp=346s train=28s eval_best=0s eval_rand=0s | total=374s
2026-08-03 00:04:36 [iter 3/12] self-play starting (24 games, 200 sims, WALLS MASKED)...
2026-08-03 00:04:36 [PARALLEL-MP] 8 workers spawned (24 games, sims=200), GPU batcher starting...
2026-08-03 00:05:32   [GPU] 50,000 evals (6251 batches, avg 8/batch = 6% of 128, 894 evals/s, 894 msg/s, 1.0 leaves/msg, 56s)
2026-08-03 00:06:10 [iter 3/12] self-play: 5/24 games...
2026-08-03 00:06:27   [GPU] 100,000 evals (12501 batches, avg 8/batch = 6% of 128, 901 evals/s, 901 msg/s, 1.0 leaves/msg, 111s)
2026-08-03 00:07:10 [iter 3/12] self-play: 10/24 games...
2026-08-03 00:07:22   [GPU] 150,000 evals (18751 batches, avg 8/batch = 6% of 128, 902 evals/s, 902 msg/s, 1.0 leaves/msg, 166s)
2026-08-03 00:08:12 [iter 3/12] self-play: 15/24 games...
2026-08-03 00:08:18   [GPU] 200,002 evals (25041 batches, avg 8/batch = 6% of 128, 902 evals/s, 902 msg/s, 1.0 leaves/msg, 222s)
2026-08-03 00:09:03 [iter 3/12] self-play: 20/24 games...
2026-08-03 00:09:49 [iter 3/12] self-play: 24/24 games...
2026-08-03 00:09:49 [iter 3/12] self-play done: 24 games (313s) | wins: P0=12, P1=3, P2=6, P3=3 | draw_rate=0% avg_len~54
2026-08-03 00:09:49 [iter 3/12] training (300 steps, lr=1.00e-03)...
2026-08-03 00:10:17 [iter 3/12] training done: loss_p=1.220 loss_v=0.106 (28s)
2026-08-03 00:10:17 [iter 3/12] eval skipped (eval_every=4)
2026-08-03 00:10:17 >>> iter 3 | loss_p=1.220 loss_v=0.106 | vs_best=n/a (not evaluated) | vs_rand=n/a | draw=0% | buf=11240 | rss=0.51GB | sp=313s train=28s eval_best=0s eval_rand=0s | total=341s
2026-08-03 00:10:17 [iter 4/12] self-play starting (24 games, 200 sims, WALLS MASKED)...
2026-08-03 00:10:18 [PARALLEL-MP] 8 workers spawned (24 games, sims=200), GPU batcher starting...
2026-08-03 00:11:13 [iter 4/12] self-play: 5/24 games...
2026-08-03 00:11:14   [GPU] 50,000 evals (6251 batches, avg 8/batch = 6% of 128, 893 evals/s, 893 msg/s, 1.0 leaves/msg, 56s)
2026-08-03 00:12:00 [iter 4/12] self-play: 10/24 games...
2026-08-03 00:12:12   [GPU] 100,007 evals (12502 batches, avg 8/batch = 6% of 128, 873 evals/s, 873 msg/s, 1.0 leaves/msg, 115s)
2026-08-03 00:12:44 [iter 4/12] self-play: 15/24 games...
2026-08-03 00:13:11   [GPU] 150,001 evals (19057 batches, avg 8/batch = 6% of 128, 867 evals/s, 867 msg/s, 1.0 leaves/msg, 173s)
2026-08-03 00:13:12 [iter 4/12] self-play: 20/24 games...
2026-08-03 00:14:06 [iter 4/12] self-play: 24/24 games...
2026-08-03 00:14:06 [iter 4/12] self-play done: 24 games (229s) | wins: P0=9, P1=9, P2=4, P3=2 | draw_rate=0% avg_len~38
2026-08-03 00:14:06 [iter 4/12] training (300 steps, lr=1.00e-03)...
2026-08-03 00:14:35 [iter 4/12] training done: loss_p=1.173 loss_v=0.115 (28s)
2026-08-03 00:14:35 [iter 4/12] eval vs best (40 games, 100 sims)...
2026-08-03 00:14:35 [EVAL-MP] 8 workers spawned (40 vs_best games, sims=100), GPU batcher starting...
2026-08-03 00:15:07 [iter 4/12] eval vs best: 5/40 games (33s, cand 40%)
2026-08-03 00:15:39 [iter 4/12] eval vs best: 10/40 games (64s, cand 30%)
2026-08-03 00:15:41   [GPU] 50,006 evals (6263 batches, avg 8/batch = 6% of 128, 761 evals/s, 761 msg/s, 1.0 leaves/msg, 66s)
2026-08-03 00:16:13 [iter 4/12] eval vs best: 15/40 games (99s, cand 27%)
2026-08-03 00:16:43   [GPU] 100,004 evals (12524 batches, avg 8/batch = 6% of 128, 782 evals/s, 782 msg/s, 1.0 leaves/msg, 128s)
2026-08-03 00:17:23 [iter 4/12] eval vs best: 20/40 games (168s, cand 30%)
2026-08-03 00:17:58   [GPU] 150,002 evals (19955 batches, avg 8/batch = 6% of 128, 739 evals/s, 739 msg/s, 1.0 leaves/msg, 203s)
2026-08-03 00:19:40   [GPU] 200,003 evals (29973 batches, avg 7/batch = 5% of 128, 656 evals/s, 656 msg/s, 1.0 leaves/msg, 305s)
2026-08-03 00:20:43 [iter 4/12] eval vs best: 25/40 games (368s, cand 35%)
2026-08-03 00:21:18   [GPU] 250,004 evals (39990 batches, avg 6/batch = 5% of 128, 620 evals/s, 620 msg/s, 1.0 leaves/msg, 403s)
2026-08-03 00:21:59 [iter 4/12] eval vs best: 30/40 games (444s, cand 36%)
2026-08-03 00:23:13   [GPU] 300,003 evals (51499 batches, avg 6/batch = 5% of 128, 579 evals/s, 579 msg/s, 1.0 leaves/msg, 518s)
2026-08-03 00:25:19   [GPU] 350,001 evals (64019 batches, avg 5/batch = 4% of 128, 543 evals/s, 543 msg/s, 1.0 leaves/msg, 645s)
2026-08-03 00:27:03 [iter 4/12] eval vs best: 35/40 games (749s, cand 35%)
2026-08-03 00:27:58   [GPU] 400,000 evals (79413 batches, avg 5/batch = 4% of 128, 498 evals/s, 498 msg/s, 1.0 leaves/msg, 803s)
2026-08-03 00:35:35   [GPU] 450,000 evals (104457 batches, avg 4/batch = 3% of 128, 357 evals/s, 357 msg/s, 1.0 leaves/msg, 1260s)
2026-08-03 00:39:29   [GPU] 500,001 evals (129500 batches, avg 4/batch = 3% of 128, 335 evals/s, 335 msg/s, 1.0 leaves/msg, 1494s)
2026-08-03 00:44:22 [iter 4/12] eval vs best: 40/40 games (1787s, cand 35%)
2026-08-03 00:44:22 [iter 4/12] eval vs best done: 34.6% of 26 decided ACCEPT (1788s)
2026-08-03 00:44:22 [iter 4/12] eval vs random (20 games, 100 sims)...
2026-08-03 00:44:22 [EVAL-MP] 8 workers spawned (20 vs_random games, sims=100), GPU batcher starting...
2026-08-03 00:45:02 [iter 4/12] eval vs random: 5/20 games (39s, cand 40%)
2026-08-03 00:45:17   [GPU] 50,006 evals (6261 batches, avg 8/batch = 6% of 128, 914 evals/s, 914 msg/s, 1.0 leaves/msg, 55s)
2026-08-03 00:45:43 [iter 4/12] eval vs random: 10/20 games (81s, cand 38%)
2026-08-03 00:46:08 [iter 4/12] eval vs random: 15/20 games (106s, cand 30%)
2026-08-03 00:46:24   [GPU] 100,000 evals (14391 batches, avg 7/batch = 5% of 128, 824 evals/s, 824 msg/s, 1.0 leaves/msg, 121s)
2026-08-03 00:47:30 [iter 4/12] eval vs random: 20/20 games (188s, cand 30%)
2026-08-03 00:47:30 [iter 4/12] eval vs random done: 30.0% (188s)
2026-08-03 00:47:30 [iter 4/12] eval vs greedy (40 games, 100 sims)...
2026-08-03 00:47:30 [EVAL-MP] 8 workers spawned (40 vs_greedy games, sims=100), GPU batcher starting...
2026-08-03 00:47:37 [iter 4/12] eval vs greedy: 5/40 games (7s, cand 0%)
2026-08-03 00:47:43 [iter 4/12] eval vs greedy: 10/40 games (12s, cand 0%)
2026-08-03 00:47:44 [iter 4/12] eval vs greedy: 15/40 games (14s, cand 0%)
2026-08-03 00:47:48 [iter 4/12] eval vs greedy: 20/40 games (18s, cand 0%)
2026-08-03 00:47:53 [iter 4/12] eval vs greedy: 25/40 games (22s, cand 0%)
2026-08-03 00:47:55 [iter 4/12] eval vs greedy: 30/40 games (24s, cand 0%)
2026-08-03 00:47:59 [iter 4/12] eval vs greedy: 35/40 games (29s, cand 0%)
2026-08-03 00:48:04 [iter 4/12] eval vs greedy: 40/40 games (33s, cand 0%)
2026-08-03 00:48:04 [iter 4/12] eval vs greedy done: 0.0% of 40 decided [seat0:0/10 seat1:0/10 seat2:0/10 seat3:0/10] (33s)
2026-08-03 00:48:04 >>> iter 4 | loss_p=1.173 loss_v=0.115 | vs_best=34.6% ACCEPT | vs_rand=30.0% | draw=0% | buf=13086 | rss=0.10GB | sp=229s train=28s eval_best=1788s eval_rand=188s | total=2266s
2026-08-03 00:48:04 [iter 5/12] self-play starting (24 games, 200 sims, WALLS MASKED)...
2026-08-03 00:48:04 [PARALLEL-MP] 8 workers spawned (24 games, sims=200), GPU batcher starting...
2026-08-03 00:48:59   [GPU] 50,000 evals (6251 batches, avg 8/batch = 6% of 128, 910 evals/s, 910 msg/s, 1.0 leaves/msg, 55s)
2026-08-03 00:49:01 [iter 5/12] self-play: 5/24 games...
2026-08-03 00:49:40 [iter 5/12] self-play: 10/24 games...
2026-08-03 00:49:53   [GPU] 100,000 evals (12501 batches, avg 8/batch = 6% of 128, 914 evals/s, 914 msg/s, 1.0 leaves/msg, 109s)
2026-08-03 00:50:06 [iter 5/12] self-play: 15/24 games...
2026-08-03 00:50:55   [GPU] 150,000 evals (19541 batches, avg 8/batch = 6% of 128, 878 evals/s, 878 msg/s, 1.0 leaves/msg, 171s)
2026-08-03 00:50:55 [iter 5/12] self-play: 20/24 games...
2026-08-03 00:51:19 [iter 5/12] self-play: 24/24 games...
2026-08-03 00:51:20 [iter 5/12] self-play done: 24 games (196s) | wins: P0=2, P1=6, P2=4, P3=12 | draw_rate=0% avg_len~36
2026-08-03 00:51:20 [iter 5/12] training (300 steps, lr=1.00e-03)...
2026-08-03 00:51:48 [iter 5/12] training done: loss_p=1.139 loss_v=0.109 (29s)
2026-08-03 00:51:48 [iter 5/12] eval skipped (eval_every=4)
2026-08-03 00:51:48 >>> iter 5 | loss_p=1.139 loss_v=0.109 | vs_best=n/a (not evaluated) | vs_rand=n/a | draw=0% | buf=14826 | rss=0.40GB | sp=196s train=29s eval_best=0s eval_rand=0s | total=224s
2026-08-03 00:51:48 [iter 6/12] self-play starting (24 games, 200 sims, WALLS MASKED)...
2026-08-03 00:51:48 [PARALLEL-MP] 8 workers spawned (24 games, sims=200), GPU batcher starting...
2026-08-03 00:52:44   [GPU] 50,000 evals (6251 batches, avg 8/batch = 6% of 128, 900 evals/s, 900 msg/s, 1.0 leaves/msg, 56s)
2026-08-03 00:52:51 [iter 6/12] self-play: 5/24 games...
2026-08-03 00:53:33 [iter 6/12] self-play: 10/24 games...
2026-08-03 00:53:39   [GPU] 100,006 evals (12502 batches, avg 8/batch = 6% of 128, 903 evals/s, 903 msg/s, 1.0 leaves/msg, 111s)
2026-08-03 00:54:02 [iter 6/12] self-play: 15/24 games...
2026-08-03 00:54:33 [iter 6/12] self-play: 20/24 games...
2026-08-03 00:54:38   [GPU] 150,002 evals (19235 batches, avg 8/batch = 6% of 128, 884 evals/s, 884 msg/s, 1.0 leaves/msg, 170s)
2026-08-03 00:55:15 [iter 6/12] self-play: 24/24 games...
2026-08-03 00:55:16 [iter 6/12] self-play done: 24 games (207s) | wins: P0=4, P1=5, P2=8, P3=7 | draw_rate=0% avg_len~37
2026-08-03 00:55:16 [iter 6/12] training (300 steps, lr=1.00e-03)...
2026-08-03 00:55:44 [iter 6/12] training done: loss_p=1.120 loss_v=0.118 (28s)
2026-08-03 00:55:44 [iter 6/12] eval skipped (eval_every=4)
2026-08-03 00:55:44 >>> iter 6 | loss_p=1.120 loss_v=0.118 | vs_best=n/a (not evaluated) | vs_rand=n/a | draw=0% | buf=16622 | rss=0.41GB | sp=207s train=28s eval_best=0s eval_rand=0s | total=236s
2026-08-03 00:55:44 [iter 7/12] self-play starting (24 games, 200 sims, WALLS MASKED)...
2026-08-03 00:55:44 [PARALLEL-MP] 8 workers spawned (24 games, sims=200), GPU batcher starting...
2026-08-03 00:56:36 [iter 7/12] self-play: 5/24 games...
2026-08-03 00:56:40   [GPU] 50,004 evals (6252 batches, avg 8/batch = 6% of 128, 902 evals/s, 902 msg/s, 1.0 leaves/msg, 55s)
2026-08-03 00:57:15 [iter 7/12] self-play: 10/24 games...
2026-08-03 00:57:34   [GPU] 100,002 evals (12502 batches, avg 8/batch = 6% of 128, 907 evals/s, 907 msg/s, 1.0 leaves/msg, 110s)
2026-08-03 00:57:52 [iter 7/12] self-play: 15/24 games...
2026-08-03 00:58:10 [iter 7/12] self-play: 20/24 games...
2026-08-03 00:58:50 [iter 7/12] self-play: 24/24 games...
2026-08-03 00:58:50 [iter 7/12] self-play done: 24 games (186s) | wins: P0=1, P1=8, P2=6, P3=9 | draw_rate=0% avg_len~34
2026-08-03 00:58:50 [iter 7/12] training (300 steps, lr=1.00e-03)...
2026-08-03 00:59:19 [iter 7/12] training done: loss_p=1.098 loss_v=0.119 (29s)
2026-08-03 00:59:19 [iter 7/12] eval skipped (eval_every=4)
2026-08-03 00:59:19 >>> iter 7 | loss_p=1.098 loss_v=0.119 | vs_best=n/a (not evaluated) | vs_rand=n/a | draw=0% | buf=18260 | rss=0.44GB | sp=186s train=29s eval_best=0s eval_rand=0s | total=215s
2026-08-03 00:59:19 [iter 8/12] self-play starting (24 games, 200 sims, WALLS MASKED)...
2026-08-03 00:59:19 [PARALLEL-MP] 8 workers spawned (24 games, sims=200), GPU batcher starting...
2026-08-03 01:00:06 [iter 8/12] self-play: 5/24 games...
2026-08-03 01:00:14   [GPU] 50,001 evals (6252 batches, avg 8/batch = 6% of 128, 910 evals/s, 910 msg/s, 1.0 leaves/msg, 55s)
2026-08-03 01:00:43 [iter 8/12] self-play: 10/24 games...
2026-08-03 01:01:08   [GPU] 100,002 evals (12503 batches, avg 8/batch = 6% of 128, 915 evals/s, 915 msg/s, 1.0 leaves/msg, 109s)
2026-08-03 01:01:16 [iter 8/12] self-play: 15/24 games...
2026-08-03 01:01:27 [iter 8/12] self-play: 20/24 games...
2026-08-03 01:02:05 [iter 8/12] self-play: 24/24 games...
2026-08-03 01:02:05 [iter 8/12] self-play done: 24 games (166s) | wins: P0=4, P1=3, P2=8, P3=9 | draw_rate=0% avg_len~31
2026-08-03 01:02:05 [iter 8/12] training (300 steps, lr=1.00e-03)...
2026-08-03 01:02:33 [iter 8/12] training done: loss_p=1.079 loss_v=0.124 (28s)
2026-08-03 01:02:33 [iter 8/12] eval vs best (40 games, 100 sims)...
2026-08-03 01:02:33 [EVAL-MP] 8 workers spawned (40 vs_best games, sims=100), GPU batcher starting...
2026-08-03 01:03:08 [iter 8/12] eval vs best: 5/40 games (35s, cand 80%)
2026-08-03 01:03:28 [iter 8/12] eval vs best: 10/40 games (54s, cand 50%)
2026-08-03 01:03:37   [GPU] 50,002 evals (6262 batches, avg 8/batch = 6% of 128, 781 evals/s, 781 msg/s, 1.0 leaves/msg, 64s)
2026-08-03 01:03:53 [iter 8/12] eval vs best: 15/40 games (80s, cand 47%)
2026-08-03 01:04:23 [iter 8/12] eval vs best: 20/40 games (110s, cand 45%)
2026-08-03 01:04:39   [GPU] 100,000 evals (12523 batches, avg 8/batch = 6% of 128, 795 evals/s, 795 msg/s, 1.0 leaves/msg, 126s)
2026-08-03 01:04:54 [iter 8/12] eval vs best: 25/40 games (141s, cand 44%)
2026-08-03 01:05:37 [iter 8/12] eval vs best: 30/40 games (184s, cand 40%)
2026-08-03 01:06:04   [GPU] 150,000 evals (21298 batches, avg 7/batch = 6% of 128, 711 evals/s, 711 msg/s, 1.0 leaves/msg, 211s)
2026-08-03 01:08:49   [GPU] 200,001 evals (37994 batches, avg 5/batch = 4% of 128, 532 evals/s, 532 msg/s, 1.0 leaves/msg, 376s)
2026-08-03 01:09:29 [iter 8/12] eval vs best: 35/40 games (416s, cand 36%)
2026-08-03 01:10:43 [iter 8/12] eval vs best: 40/40 games (490s, cand 38%)
2026-08-03 01:10:43 [iter 8/12] eval vs best done: 37.8% of 37 decided ACCEPT (490s)
2026-08-03 01:10:43 [iter 8/12] eval vs random (20 games, 100 sims)...
2026-08-03 01:10:43 [EVAL-MP] 8 workers spawned (20 vs_random games, sims=100), GPU batcher starting...
2026-08-03 01:11:09 [iter 8/12] eval vs random: 5/20 games (26s, cand 80%)
2026-08-03 01:11:38   [GPU] 50,005 evals (6259 batches, avg 8/batch = 6% of 128, 921 evals/s, 921 msg/s, 1.0 leaves/msg, 54s)
2026-08-03 01:11:53 [iter 8/12] eval vs random: 10/20 games (70s, cand 57%)
2026-08-03 01:12:15 [iter 8/12] eval vs random: 15/20 games (92s, cand 60%)
2026-08-03 01:12:58   [GPU] 100,000 evals (16137 batches, avg 6/batch = 5% of 128, 745 evals/s, 745 msg/s, 1.0 leaves/msg, 134s)
2026-08-03 01:13:23 [iter 8/12] eval vs random: 20/20 games (160s, cand 55%)
2026-08-03 01:13:23 [iter 8/12] eval vs random done: 54.5% (160s)
2026-08-03 01:13:23 [iter 8/12] eval vs greedy (40 games, 100 sims)...
2026-08-03 01:13:23 [EVAL-MP] 8 workers spawned (40 vs_greedy games, sims=100), GPU batcher starting...
2026-08-03 01:13:30 [iter 8/12] eval vs greedy: 5/40 games (7s, cand 0%)
2026-08-03 01:13:36 [iter 8/12] eval vs greedy: 10/40 games (12s, cand 0%)
2026-08-03 01:13:37 [iter 8/12] eval vs greedy: 15/40 games (14s, cand 0%)
2026-08-03 01:13:41 [iter 8/12] eval vs greedy: 20/40 games (18s, cand 0%)
2026-08-03 01:13:46 [iter 8/12] eval vs greedy: 25/40 games (23s, cand 0%)
2026-08-03 01:13:47 [iter 8/12] eval vs greedy: 30/40 games (24s, cand 0%)
2026-08-03 01:13:52 [iter 8/12] eval vs greedy: 35/40 games (29s, cand 0%)
2026-08-03 01:13:56 [iter 8/12] eval vs greedy: 40/40 games (33s, cand 0%)
2026-08-03 01:13:56 [iter 8/12] eval vs greedy done: 0.0% of 40 decided [seat0:0/10 seat1:0/10 seat2:0/10 seat3:0/10] (33s)
2026-08-03 01:13:56 >>> iter 8 | loss_p=1.079 loss_v=0.124 | vs_best=37.8% ACCEPT | vs_rand=54.5% | draw=0% | buf=19752 | rss=0.26GB | sp=166s train=28s eval_best=490s eval_rand=160s | total=878s
2026-08-03 01:13:56 [iter 9/12] self-play starting (24 games, 200 sims)...
2026-08-03 01:13:56 [PARALLEL-MP] 8 workers spawned (24 games, sims=200), GPU batcher starting...
2026-08-03 01:14:57   [GPU] 50,001 evals (6266 batches, avg 8/batch = 6% of 128, 828 evals/s, 828 msg/s, 1.0 leaves/msg, 60s)
2026-08-03 01:15:49   [GPU] 100,005 evals (12523 batches, avg 8/batch = 6% of 128, 886 evals/s, 886 msg/s, 1.0 leaves/msg, 113s)
2026-08-03 01:16:41   [GPU] 150,006 evals (18779 batches, avg 8/batch = 6% of 128, 909 evals/s, 909 msg/s, 1.0 leaves/msg, 165s)
2026-08-03 01:17:18 [iter 9/12] self-play: 5/24 games...
2026-08-03 01:17:32   [GPU] 200,005 evals (25038 batches, avg 8/batch = 6% of 128, 926 evals/s, 926 msg/s, 1.0 leaves/msg, 216s)
2026-08-03 01:18:24   [GPU] 250,003 evals (31298 batches, avg 8/batch = 6% of 128, 935 evals/s, 935 msg/s, 1.0 leaves/msg, 267s)
2026-08-03 01:19:15   [GPU] 300,001 evals (37554 batches, avg 8/batch = 6% of 128, 940 evals/s, 940 msg/s, 1.0 leaves/msg, 319s)
2026-08-03 01:19:54 [iter 9/12] self-play: 10/24 games...
2026-08-03 01:20:06   [GPU] 350,001 evals (43810 batches, avg 8/batch = 6% of 128, 946 evals/s, 946 msg/s, 1.0 leaves/msg, 370s)
2026-08-03 01:20:57   [GPU] 400,007 evals (50068 batches, avg 8/batch = 6% of 128, 951 evals/s, 951 msg/s, 1.0 leaves/msg, 421s)
2026-08-03 01:21:50   [GPU] 450,000 evals (56321 batches, avg 8/batch = 6% of 128, 950 evals/s, 950 msg/s, 1.0 leaves/msg, 473s)
2026-08-03 01:22:35 [iter 9/12] self-play: 15/24 games...
2026-08-03 01:22:42   [GPU] 500,005 evals (62577 batches, avg 8/batch = 6% of 128, 952 evals/s, 952 msg/s, 1.0 leaves/msg, 525s)
2026-08-03 01:23:46 [iter 9/12] self-play: 20/24 games...
2026-08-03 01:23:49   [GPU] 550,000 evals (71015 batches, avg 8/batch = 6% of 128, 927 evals/s, 927 msg/s, 1.0 leaves/msg, 593s)
2026-08-03 01:25:35   [GPU] 600,003 evals (83522 batches, avg 7/batch = 6% of 128, 859 evals/s, 859 msg/s, 1.0 leaves/msg, 699s)
2026-08-03 01:28:10   [GPU] 650,001 evals (101693 batches, avg 6/batch = 5% of 128, 761 evals/s, 761 msg/s, 1.0 leaves/msg, 854s)
2026-08-03 01:41:11 [iter 9/12] self-play: 24/24 games...
2026-08-03 01:41:11 [iter 9/12] self-play done: 24 games (1635s) | wins: P0=3, P1=3, P2=3, P3=10, draw=5 | draw_rate=21% avg_len~79
2026-08-03 01:41:11 [iter 9/12] WARNING: draw_rate 21% > 20% — games timing out at max_game_moves=320 (weak value signal).
2026-08-03 01:41:11 [iter 9/12] training (300 steps, lr=1.00e-03)...
2026-08-03 01:46:38 [iter 9/12] training done: loss_p=1.323 loss_v=0.123 (327s)
2026-08-03 01:46:38 [iter 9/12] eval skipped (eval_every=4)
2026-08-03 01:46:38 >>> iter 9 | loss_p=1.323 loss_v=0.123 | vs_best=n/a (not evaluated) | vs_rand=n/a | draw=21% | buf=23540 | rss=0.50GB | sp=1635s train=327s eval_best=0s eval_rand=0s | total=1962s
2026-08-03 01:46:38 [iter 10/12] self-play starting (24 games, 200 sims)...
2026-08-03 01:46:38 [PARALLEL-MP] 8 workers spawned (24 games, sims=200), GPU batcher starting...
2026-08-03 01:52:42   [GPU] 50,004 evals (6261 batches, avg 8/batch = 6% of 128, 137 evals/s, 137 msg/s, 1.0 leaves/msg, 364s)
2026-08-03 01:58:35   [GPU] 100,001 evals (12515 batches, avg 8/batch = 6% of 128, 140 evals/s, 140 msg/s, 1.0 leaves/msg, 716s)
2026-08-03 02:04:19 [iter 10/12] self-play: 5/24 games...
2026-08-03 02:04:27   [GPU] 150,007 evals (18775 batches, avg 8/batch = 6% of 128, 140 evals/s, 140 msg/s, 1.0 leaves/msg, 1068s)
2026-08-03 02:10:19   [GPU] 200,003 evals (25030 batches, avg 8/batch = 6% of 128, 141 evals/s, 141 msg/s, 1.0 leaves/msg, 1421s)
2026-08-03 02:10:32 [iter 10/12] self-play: 10/24 games...
2026-08-03 02:16:11   [GPU] 250,005 evals (31295 batches, avg 8/batch = 6% of 128, 141 evals/s, 141 msg/s, 1.0 leaves/msg, 1773s)
2026-08-03 02:21:37 [iter 10/12] self-play: 15/24 games...
2026-08-03 02:22:05   [GPU] 300,004 evals (37731 batches, avg 8/batch = 6% of 128, 141 evals/s, 141 msg/s, 1.0 leaves/msg, 2127s)
2026-08-03 02:27:46 [iter 10/12] self-play: 20/24 games...
2026-08-03 02:39:18   [GPU] 350,000 evals (53338 batches, avg 7/batch = 5% of 128, 111 evals/s, 111 msg/s, 1.0 leaves/msg, 3160s)
2026-08-03 03:16:30 [iter 10/12] self-play: 24/24 games...
2026-08-03 03:16:30 [iter 10/12] self-play done: 24 games (5392s) | wins: P0=5, P1=3, P2=3, P3=12, draw=1 | draw_rate=4% avg_len~71
2026-08-03 03:16:30 [iter 10/12] training (300 steps, lr=1.00e-03)...
2026-08-03 03:16:58 [iter 10/12] training done: loss_p=1.439 loss_v=0.114 (28s)
2026-08-03 03:16:58 [iter 10/12] eval skipped (eval_every=4)
2026-08-03 03:16:58 >>> iter 10 | loss_p=1.439 loss_v=0.114 | vs_best=n/a (not evaluated) | vs_rand=n/a | draw=4% | buf=26948 | rss=0.56GB | sp=5392s train=28s eval_best=0s eval_rand=0s | total=5420s
2026-08-03 03:16:58 [iter 11/12] self-play starting (24 games, 200 sims)...
2026-08-03 03:16:58 [PARALLEL-MP] 8 workers spawned (24 games, sims=200), GPU batcher starting...
2026-08-03 03:28:01   [GPU] 50,001 evals (6261 batches, avg 8/batch = 6% of 128, 75 evals/s, 75 msg/s, 1.0 leaves/msg, 663s)
2026-08-03 03:30:23   [GPU] 100,005 evals (12518 batches, avg 8/batch = 6% of 128, 124 evals/s, 124 msg/s, 1.0 leaves/msg, 805s)
2026-08-03 03:36:16   [GPU] 150,001 evals (18774 batches, avg 8/batch = 6% of 128, 130 evals/s, 130 msg/s, 1.0 leaves/msg, 1158s)
2026-08-03 03:36:29 [iter 11/12] self-play: 5/24 games...
2026-08-03 03:42:09   [GPU] 200,006 evals (25029 batches, avg 8/batch = 6% of 128, 132 evals/s, 132 msg/s, 1.0 leaves/msg, 1511s)
2026-08-03 03:48:01   [GPU] 250,002 evals (31283 batches, avg 8/batch = 6% of 128, 134 evals/s, 134 msg/s, 1.0 leaves/msg, 1863s)
2026-08-03 03:53:53   [GPU] 300,006 evals (37540 batches, avg 8/batch = 6% of 128, 135 evals/s, 135 msg/s, 1.0 leaves/msg, 2216s)
2026-08-03 03:59:19 [iter 11/12] self-play: 10/24 games...
2026-08-03 03:59:47   [GPU] 350,002 evals (43794 batches, avg 8/batch = 6% of 128, 136 evals/s, 136 msg/s, 1.0 leaves/msg, 2569s)
2026-08-03 04:05:29 [iter 11/12] self-play: 15/24 games...
2026-08-03 04:05:38   [GPU] 400,000 evals (50052 batches, avg 8/batch = 6% of 128, 137 evals/s, 137 msg/s, 1.0 leaves/msg, 2920s)
2026-08-03 04:11:32   [GPU] 450,006 evals (56310 batches, avg 8/batch = 6% of 128, 137 evals/s, 137 msg/s, 1.0 leaves/msg, 3274s)
2026-08-03 04:22:24 [iter 11/12] self-play: 20/24 games...
2026-08-03 04:22:53   [GPU] 500,000 evals (66362 batches, avg 8/batch = 6% of 128, 126 evals/s, 126 msg/s, 1.0 leaves/msg, 3956s)
2026-08-03 04:31:23 [iter 11/12] self-play: 24/24 games...
2026-08-03 04:31:23 [iter 11/12] self-play done: 24 games (4465s) | wins: P0=8, P1=3, P2=3, P3=8, draw=2 | draw_rate=8% avg_len~82
2026-08-03 04:31:23 [iter 11/12] training (300 steps, lr=1.00e-03)...
2026-08-03 04:31:51 [iter 11/12] training done: loss_p=1.524 loss_v=0.109 (28s)
2026-08-03 04:31:51 [iter 11/12] eval skipped (eval_every=4)
2026-08-03 04:31:51 >>> iter 11 | loss_p=1.524 loss_v=0.109 | vs_best=n/a (not evaluated) | vs_rand=n/a | draw=8% | buf=30890 | rss=0.62GB | sp=4465s train=28s eval_best=0s eval_rand=0s | total=4493s
2026-08-03 04:31:51 [iter 12/12] self-play starting (24 games, 200 sims)...
2026-08-03 04:31:51 [PARALLEL-MP] 8 workers spawned (24 games, sims=200), GPU batcher starting...
2026-08-03 04:42:52   [GPU] 50,000 evals (6259 batches, avg 8/batch = 6% of 128, 76 evals/s, 76 msg/s, 1.0 leaves/msg, 661s)
2026-08-03 04:43:24 [iter 12/12] self-play: 5/24 games...
2026-08-03 04:48:43   [GPU] 100,001 evals (12522 batches, avg 8/batch = 6% of 128, 99 evals/s, 99 msg/s, 1.0 leaves/msg, 1012s)
2026-08-03 04:49:37   [GPU] 150,006 evals (18781 batches, avg 8/batch = 6% of 128, 141 evals/s, 141 msg/s, 1.0 leaves/msg, 1066s)
2026-08-03 04:50:11 [iter 12/12] self-play: 10/24 games...
2026-08-03 04:50:30   [GPU] 200,005 evals (25038 batches, avg 8/batch = 6% of 128, 179 evals/s, 179 msg/s, 1.0 leaves/msg, 1119s)
2026-08-03 04:51:24   [GPU] 250,007 evals (31296 batches, avg 8/batch = 6% of 128, 213 evals/s, 213 msg/s, 1.0 leaves/msg, 1173s)
2026-08-03 04:51:36 [iter 12/12] self-play: 15/24 games...
2026-08-03 04:57:16   [GPU] 300,000 evals (37553 batches, avg 8/batch = 6% of 128, 197 evals/s, 197 msg/s, 1.0 leaves/msg, 1525s)
2026-08-03 05:03:12   [GPU] 350,000 evals (43940 batches, avg 8/batch = 6% of 128, 186 evals/s, 186 msg/s, 1.0 leaves/msg, 1881s)
2026-08-03 05:08:50 [iter 12/12] self-play: 20/24 games...
2026-08-03 05:15:00   [GPU] 400,000 evals (56468 batches, avg 7/batch = 6% of 128, 155 evals/s, 155 msg/s, 1.0 leaves/msg, 2589s)
2026-08-03 05:43:18 [iter 12/12] self-play: 24/24 games...
2026-08-03 05:43:18 [iter 12/12] self-play done: 24 games (4287s) | wins: P0=5, P1=3, P2=8, P3=7, draw=1 | draw_rate=4% avg_len~83
2026-08-03 05:43:18 [iter 12/12] training (300 steps, lr=1.00e-03)...
2026-08-03 05:43:46 [iter 12/12] training done: loss_p=1.579 loss_v=0.102 (28s)
2026-08-03 05:43:46 [iter 12/12] eval vs best (40 games, 100 sims)...
2026-08-03 05:43:46 [EVAL-MP] 8 workers spawned (40 vs_best games, sims=100), GPU batcher starting...
2026-08-03 05:49:17 [iter 12/12] eval vs best: 5/40 games (331s, cand 0%)
2026-08-03 05:54:39 [iter 12/12] eval vs best: 10/40 games (652s, cand 20%)
2026-08-03 05:54:50   [GPU] 50,005 evals (6263 batches, avg 8/batch = 6% of 128, 75 evals/s, 75 msg/s, 1.0 leaves/msg, 663s)
2026-08-03 05:54:57 [iter 12/12] eval vs best: 15/40 games (670s, cand 33%)
2026-08-03 05:55:14 [iter 12/12] eval vs best: 20/40 games (687s, cand 25%)
2026-08-03 06:00:29 [iter 12/12] eval vs best: 25/40 games (1003s, cand 28%)
2026-08-03 06:00:51   [GPU] 100,000 evals (12524 batches, avg 8/batch = 6% of 128, 98 evals/s, 98 msg/s, 1.0 leaves/msg, 1024s)
2026-08-03 06:00:51 [iter 12/12] eval vs best: 30/40 games (1025s, cand 33%)
2026-08-03 06:01:15 [iter 12/12] eval vs best: 35/40 games (1048s, cand 29%)
2026-08-03 06:07:49 [iter 12/12] eval vs best: 40/40 games (1442s, cand 25%)
2026-08-03 06:07:49 [iter 12/12] eval vs best done: 25.0% of 40 decided reject (1442s)
2026-08-03 06:07:49 [iter 12/12] eval vs random (20 games, 100 sims)...
2026-08-03 06:07:49 [EVAL-MP] 8 workers spawned (20 vs_random games, sims=100), GPU batcher starting...
2026-08-03 06:08:10 [iter 12/12] eval vs random: 5/20 games (21s, cand 80%)
2026-08-03 06:08:23 [iter 12/12] eval vs random: 10/20 games (35s, cand 90%)
2026-08-03 06:13:59 [iter 12/12] eval vs random: 15/20 games (371s, cand 86%)
2026-08-03 06:14:16   [GPU] 50,002 evals (9934 batches, avg 5/batch = 4% of 128, 129 evals/s, 129 msg/s, 1.0 leaves/msg, 387s)
2026-08-03 06:20:18 [iter 12/12] eval vs random: 20/20 games (749s, cand 83%)
2026-08-03 06:20:18 [iter 12/12] eval vs random done: 83.3% (749s)
2026-08-03 06:20:18 [iter 12/12] eval vs greedy (40 games, 100 sims)...
2026-08-03 06:20:18 [EVAL-MP] 8 workers spawned (40 vs_greedy games, sims=100), GPU batcher starting...
2026-08-03 06:20:25 [iter 12/12] eval vs greedy: 5/40 games (7s, cand 0%)
2026-08-03 06:25:29 [iter 12/12] eval vs greedy: 10/40 games (311s, cand 0%)
2026-08-03 06:25:31 [iter 12/12] eval vs greedy: 15/40 games (313s, cand 0%)
2026-08-03 06:25:35 [iter 12/12] eval vs greedy: 20/40 games (317s, cand 0%)
2026-08-03 06:25:40 [iter 12/12] eval vs greedy: 25/40 games (322s, cand 0%)
2026-08-03 06:25:40 [iter 12/12] eval vs greedy: 30/40 games (322s, cand 0%)
2026-08-03 06:25:46 [iter 12/12] eval vs greedy: 35/40 games (328s, cand 0%)
2026-08-03 06:25:50 [iter 12/12] eval vs greedy: 40/40 games (333s, cand 0%)
2026-08-03 06:25:51 [iter 12/12] eval vs greedy done: 0.0% of 40 decided [seat0:0/10 seat1:0/10 seat2:0/10 seat3:0/10] (333s)
2026-08-03 06:25:51 >>> iter 12 | loss_p=1.579 loss_v=0.102 | vs_best=25.0% reject | vs_rand=83.3% | draw=4% | buf=34872 | rss=0.46GB | sp=4287s train=28s eval_best=1442s eval_rand=749s | total=6839s
